Component: ARM Compiler 5.06 update 5 (build 528) Tool: armlink [4d35e2]

==============================================================================

Section Cross References

    main.o(i.EXTI0_IRQHandler) refers to stm32f10x_exti.o(i.EXTI_GetITStatus) for EXTI_GetITStatus
    main.o(i.EXTI0_IRQHandler) refers to stm32f10x_exti.o(i.EXTI_ClearITPendingBit) for EXTI_ClearITPendingBit
    main.o(i.EXTI0_IRQHandler) refers to main.o(i.led_toggle) for led_toggle
    main.o(i.EXTI9_5_IRQHandler) refers to stm32f10x_exti.o(i.EXTI_GetITStatus) for EXTI_GetITStatus
    main.o(i.EXTI9_5_IRQHandler) refers to stm32f10x_exti.o(i.EXTI_ClearITPendingBit) for EXTI_ClearITPendingBit
    main.o(i.EXTI9_5_IRQHandler) refers to main.o(i.led_toggle) for led_toggle
    main.o(i.GPIO_Configuration) refers to stm32f10x_rcc.o(i.RCC_APB2PeriphClockCmd) for RCC_APB2PeriphClockCmd
    main.o(i.GPIO_Configuration) refers to stm32f10x_gpio.o(i.GPIO_Init) for GPIO_Init
    main.o(i.GPIO_Configuration) refers to main.o(.data) for GPIO_InitStructure
    main.o(i.NVIC_Configuration) refers to misc.o(i.NVIC_PriorityGroupConfig) for NVIC_PriorityGroupConfig
    main.o(i.NVIC_Configuration) refers to misc.o(i.NVIC_Init) for NVIC_Init
    main.o(i.NVIC_Configuration) refers to main.o(.data) for NVIC_InitStructure
    main.o(i.TIM2_IRQHandler) refers to stm32f10x_tim.o(i.TIM_GetITStatus) for TIM_GetITStatus
    main.o(i.TIM2_IRQHandler) refers to stm32f10x_tim.o(i.TIM_ClearITPendingBit) for TIM_ClearITPendingBit
    main.o(i.TIM4_IRQHandler) refers to stm32f10x_tim.o(i.TIM_GetITStatus) for TIM_GetITStatus
    main.o(i.TIM4_IRQHandler) refers to stm32f10x_tim.o(i.TIM_ClearITPendingBit) for TIM_ClearITPendingBit
    main.o(i.TIM4_IRQHandler) refers to main.o(.data) for timer
    main.o(i.TIM_Configuration) refers to stm32f10x_tim.o(i.TIM_TimeBaseInit) for TIM_TimeBaseInit
    main.o(i.TIM_Configuration) refers to stm32f10x_tim.o(i.TIM_ITConfig) for TIM_ITConfig
    main.o(i.TIM_Configuration) refers to main.o(.bss) for TIM_TimeBaseStructure
    main.o(i.USART1_IRQHandler) refers to stm32f10x_usart.o(i.USART_GetITStatus) for USART_GetITStatus
    main.o(i.USART1_IRQHandler) refers to stm32f10x_usart.o(i.USART_ReceiveData) for USART_ReceiveData
    main.o(i.USART1_IRQHandler) refers to printf3.o(i.__0printf$3) for __2printf
    main.o(i.fputc) refers to stm32f10x_usart.o(i.USART_GetFlagStatus) for USART_GetFlagStatus
    main.o(i.fputc) refers to stm32f10x_usart.o(i.USART_SendData) for USART_SendData
    main.o(i.initialize) refers to system_stm32f10x.o(i.SystemInit) for SystemInit
    main.o(i.initialize) refers to stm32f10x_rcc.o(i.RCC_APB2PeriphClockCmd) for RCC_APB2PeriphClockCmd
    main.o(i.initialize) refers to stm32f10x_gpio.o(i.GPIO_Init) for GPIO_Init
    main.o(i.initialize) refers to stm32f10x_gpio.o(i.GPIO_ResetBits) for GPIO_ResetBits
    main.o(i.initialize) refers to stm32f10x_usart.o(i.USART_Init) for USART_Init
    main.o(i.initialize) refers to stm32f10x_usart.o(i.USART_ITConfig) for USART_ITConfig
    main.o(i.initialize) refers to stm32f10x_usart.o(i.USART_Cmd) for USART_Cmd
    main.o(i.led_toggle) refers to stm32f10x_gpio.o(i.GPIO_ReadOutputDataBit) for GPIO_ReadOutputDataBit
    main.o(i.led_toggle) refers to stm32f10x_gpio.o(i.GPIO_ResetBits) for GPIO_ResetBits
    main.o(i.led_toggle) refers to stm32f10x_gpio.o(i.GPIO_SetBits) for GPIO_SetBits
    main.o(i.main) refers to malloc.o(i.malloc) for malloc
    main.o(i.main) refers to function.o(i.InitBuzzer) for InitBuzzer
    main.o(i.main) refers to main.o(i.initialize) for initialize
    main.o(i.main) refers to main.o(i.GPIO_Configuration) for GPIO_Configuration
    main.o(i.main) refers to main.o(i.NVIC_Configuration) for NVIC_Configuration
    main.o(i.main) refers to delay.o(i.DelayInit) for DelayInit
    main.o(i.main) refers to function.o(i.Timer_Init) for Timer_Init
    main.o(i.main) refers to ssd1306.o(i.SSD1306_Init) for SSD1306_Init
    main.o(i.main) refers to ssd1306.o(i.SSD1306_UpdateScreen) for SSD1306_UpdateScreen
    main.o(i.main) refers to ssd1306.o(i.SSD1306_GotoXY) for SSD1306_GotoXY
    main.o(i.main) refers to ssd1306.o(i.SSD1306_Puts) for SSD1306_Puts
    main.o(i.main) refers to delay.o(i.DelayMs) for DelayMs
    main.o(i.main) refers to function.o(i.Initialize_RF24) for Initialize_RF24
    main.o(i.main) refers to rfid.o(i.TM_MFRC522_Init) for TM_MFRC522_Init
    main.o(i.main) refers to ssd1306.o(i.SSD1306_Fill) for SSD1306_Fill
    main.o(i.main) refers to ttp229.o(i.TTP229_Init) for TTP229_Init
    main.o(i.main) refers to function.o(i.Simple_Receive_Init) for Simple_Receive_Init
    main.o(i.main) refers to main.o(i.led_toggle) for led_toggle
    main.o(i.main) refers to printf3.o(i.__0printf$3) for __2printf
    main.o(i.main) refers to ttp229.o(i.TTP229_GetKey) for TTP229_GetKey
    main.o(i.main) refers to printf3.o(i.__0sprintf$3) for __2sprintf
    main.o(i.main) refers to rfid.o(i.TM_MFRC522_Check) for TM_MFRC522_Check
[...]
    Removing stm32f10x_tim.o(i.TIM_SetCompare2), (4 bytes).
    Removing stm32f10x_tim.o(i.TIM_SetCompare3), (4 bytes).
    Removing stm32f10x_tim.o(i.TIM_SetCompare4), (6 bytes).
    Removing stm32f10x_tim.o(i.TIM_SetCounter), (4 bytes).
    Removing stm32f10x_tim.o(i.TIM_SetIC1Prescaler), (18 bytes).
    Removing stm32f10x_tim.o(i.TIM_SetIC2Prescaler), (26 bytes).
    Removing stm32f10x_tim.o(i.TIM_SetIC3Prescaler), (18 bytes).
    Removing stm32f10x_tim.o(i.TIM_SetIC4Prescaler), (26 bytes).
    Removing stm32f10x_tim.o(i.TIM_TIxExternalClockConfig), (62 bytes).
    Removing stm32f10x_tim.o(i.TIM_TimeBaseStructInit), (18 bytes).
    Removing stm32f10x_tim.o(i.TIM_UpdateDisableConfig), (24 bytes).
    Removing stm32f10x_tim.o(i.TIM_UpdateRequestConfig), (24 bytes).
    Removing stm32f10x_usart.o(i.USART_ClearFlag), (18 bytes).
    Removing stm32f10x_usart.o(i.USART_ClearITPendingBit), (30 bytes).
    Removing stm32f10x_usart.o(i.USART_ClockInit), (34 bytes).
    Removing stm32f10x_usart.o(i.USART_ClockStructInit), (12 bytes).
    Removing stm32f10x_usart.o(i.USART_DMACmd), (18 bytes).
    Removing stm32f10x_usart.o(i.USART_DeInit), (156 bytes).
    Removing stm32f10x_usart.o(i.USART_HalfDuplexCmd), (24 bytes).
    Removing stm32f10x_usart.o(i.USART_IrDACmd), (24 bytes).
    Removing stm32f10x_usart.o(i.USART_IrDAConfig), (18 bytes).
    Removing stm32f10x_usart.o(i.USART_LINBreakDetectLengthConfig), (18 bytes).
    Removing stm32f10x_usart.o(i.USART_LINCmd), (24 bytes).
    Removing stm32f10x_usart.o(i.USART_OneBitMethodCmd), (24 bytes).
    Removing stm32f10x_usart.o(i.USART_OverSampling8Cmd), (22 bytes).
    Removing stm32f10x_usart.o(i.USART_ReceiverWakeUpCmd), (24 bytes).
    Removing stm32f10x_usart.o(i.USART_SendBreak), (10 bytes).
    Removing stm32f10x_usart.o(i.USART_SetAddress), (18 bytes).
    Removing stm32f10x_usart.o(i.USART_SetGuardTime), (16 bytes).
    Removing stm32f10x_usart.o(i.USART_SetPrescaler), (16 bytes).
    Removing stm32f10x_usart.o(i.USART_SmartCardCmd), (24 bytes).
    Removing stm32f10x_usart.o(i.USART_SmartCardNACKCmd), (24 bytes).
    Removing stm32f10x_usart.o(i.USART_StructInit), (24 bytes).
    Removing stm32f10x_usart.o(i.USART_WakeUpConfig), (18 bytes).
    Removing stm32f10x_wwdg.o(i.WWDG_ClearFlag), (12 bytes).
    Removing stm32f10x_wwdg.o(i.WWDG_DeInit), (22 bytes).
    Removing stm32f10x_wwdg.o(i.WWDG_Enable), (16 bytes).
    Removing stm32f10x_wwdg.o(i.WWDG_EnableIT), (12 bytes).
    Removing stm32f10x_wwdg.o(i.WWDG_GetFlagStatus), (12 bytes).
    Removing stm32f10x_wwdg.o(i.WWDG_SetCounter), (16 bytes).
    Removing stm32f10x_wwdg.o(i.WWDG_SetPrescaler), (24 bytes).
    Removing stm32f10x_wwdg.o(i.WWDG_SetWindowValue), (40 bytes).
    Removing rfid.o(i.TM_MFRC522_AntennaOff), (12 bytes).
    Removing rfid.o(i.TM_MFRC522_Auth), (110 bytes).
    Removing rfid.o(i.TM_MFRC522_Compare), (34 bytes).
    Removing rfid.o(i.TM_MFRC522_Read), (56 bytes).
    Removing rfid.o(i.TM_MFRC522_SelectTag), (92 bytes).
    Removing rfid.o(i.TM_MFRC522_Write), (150 bytes).
    Removing rfid.o(i.getFirmwareVersion), (14 bytes).
    Removing i2c.o(i.I2C_LowLevel_Init), (208 bytes).
    Removing i2c.o(i.I2C_Read), (520 bytes).
    Removing i2c.o(i.I2C_Write), (284 bytes).
    Removing function.o(i.BuzzerFalse), (34 bytes).
    Removing function.o(i.GetStatus), (58 bytes).
    Removing function.o(i.GetStatus_INT), (56 bytes).
    Removing function.o(i.LedStatusOnOff), (2 bytes).
    Removing function.o(i.nRF24_TransmitPacket), (120 bytes).
    Removing function.o(.ARM.exidx), (8 bytes).
    Removing function.o(.ARM.exidx), (8 bytes).
    Removing function.o(.ARM.exidx), (8 bytes).
    Removing function.o(.ARM.exidx), (8 bytes).
    Removing function.o(.ARM.exidx), (8 bytes).
    Removing function.o(.ARM.exidx), (8 bytes).
    Removing function.o(.ARM.exidx), (8 bytes).
    Removing function.o(.ARM.exidx), (8 bytes).
    Removing function.o(.ARM.exidx), (8 bytes).
    Removing function.o(.ARM.exidx), (8 bytes).
    Removing dataprotocol.o(.ARM.exidx), (8 bytes).
    Removing rf24.o(i.nRF24_ClosePipe), (32 bytes).
    Removing rf24.o(i.nRF24_EnableAA), (30 bytes).
    Removing rf24.o(i.nRF24_GetIRQFlags), (14 bytes).
    Removing rf24.o(i.nRF24_GetRXSource), (14 bytes).
    Removing rf24.o(i.nRF24_GetRetransmitCounters), (10 bytes).
    Removing rf24.o(i.nRF24_GetStatus), (10 bytes).
    Removing rf24.o(i.nRF24_GetStatus_RXFIFO), (14 bytes).
    Removing rf24.o(i.nRF24_GetStatus_TXFIFO), (14 bytes).
    Removing rf24.o(i.nRF24_ReadPayload), (60 bytes).
    Removing rf24.o(i.nRF24_ResetPLOS), (20 bytes).
    Removing rf24.o(i.nRF24_SetAutoRetr), (22 bytes).
    Removing rf24.o(i.nRF24_SetTXPower), (28 bytes).
    Removing rf24.o(i.nRF24_WritePayload), (18 bytes).
    Removing rf24.o(.ARM.exidx), (8 bytes).
    Removing rf24.o(.ARM.exidx), (8 bytes).
    Removing rf24.o(.ARM.exidx), (8 bytes).
    Removing rf24.o(.ARM.exidx), (8 bytes).
    Removing rf24.o(.ARM.exidx), (8 bytes).
    Removing rf24.o(.ARM.exidx), (8 bytes).
    Removing rf24.o(.ARM.exidx), (8 bytes).
    Removing rf24.o(.ARM.exidx), (8 bytes).
    Removing rf24.o(.ARM.exidx), (8 bytes).
    Removing rf24.o(.ARM.exidx), (8 bytes).
    Removing rf24.o(.ARM.exidx), (8 bytes).
    Removing rf24.o(.ARM.exidx), (8 bytes).
    Removing rf24.o(.ARM.exidx), (8 bytes).
    Removing rf24.o(.ARM.exidx), (8 bytes).
    Removing rf24.o(.ARM.exidx), (8 bytes).
    Removing rf24.o(.ARM.exidx), (8 bytes).
    Removing rf24.o(.ARM.exidx), (8 bytes).
    Removing rf24.o(.ARM.exidx), (8 bytes).
    Removing rf24.o(.ARM.exidx), (8 bytes).
    Removing rf24.o(.ARM.exidx), (8 bytes).
    Removing rf24.o(.ARM.exidx), (8 bytes).
    Removing rf24.o(.ARM.exidx), (8 bytes).
    Removing rf24.o(.ARM.exidx), (8 bytes).
    Removing rf24.o(.ARM.exidx), (8 bytes).
    Removing rf24.o(.ARM.exidx), (8 bytes).
    Removing rf24.o(.ARM.exidx), (8 bytes).
    Removing rf24.o(.ARM.exidx), (8 bytes).
    Removing rf24.o(.ARM.exidx), (8 bytes).
    Removing rf24.o(.ARM.exidx), (8 bytes).
    Removing rf24.o(.ARM.exidx), (8 bytes).
    Removing rf24.o(.ARM.exidx), (8 bytes).
    Removing rf24_hal.o(.ARM.exidx), (8 bytes).
    Removing rf24_hal.o(.ARM.exidx), (8 bytes).
    Removing uart.o(i.UART_Init), (164 bytes).
    Removing uart.o(i.UART_SendBuf), (28 bytes).
    Removing uart.o(i.UART_SendBufHex), (100 bytes).
    Removing uart.o(i.UART_SendBufHexFancy), (144 bytes).
    Removing uart.o(i.UART_SendBufPrintable), (46 bytes).
    Removing uart.o(i.UART_SendChar), (32 bytes).
    Removing uart.o(i.UART_SendHex16), (88 bytes).
    Removing uart.o(i.UART_SendHex32), (68 bytes).
    Removing uart.o(i.UART_SendHex8), (72 bytes).
    Removing uart.o(i.UART_SendInt), (72 bytes).
    Removing uart.o(i.UART_SendInt0), (86 bytes).
    Removing uart.o(i.UART_SendStr), (22 bytes).
    Removing uart.o(.ARM.exidx), (8 bytes).
    Removing uart.o(.ARM.exidx), (8 bytes).
    Removing uart.o(.ARM.exidx), (8 bytes).
    Removing uart.o(.ARM.exidx), (8 bytes).
    Removing uart.o(.ARM.exidx), (8 bytes).
    Removing uart.o(.ARM.exidx), (8 bytes).
    Removing uart.o(.ARM.exidx), (8 bytes).
    Removing uart.o(.ARM.exidx), (8 bytes).
    Removing uart.o(.ARM.exidx), (8 bytes).
    Removing uart.o(.ARM.exidx), (8 bytes).
    Removing uart.o(.ARM.exidx), (8 bytes).
    Removing uart.o(.ARM.exidx), (8 bytes).
    Removing ttp229.o(.ARM.exidx), (8 bytes).
    Removing ttp229.o(.ARM.exidx), (8 bytes).
    Removing ttp229.o(.ARM.exidx), (8 bytes).
    Removing ttp229.o(.ARM.exidx), (8 bytes).
    Removing ttp229.o(.ARM.exidx), (8 bytes).
    Removing fonts.o(i.FONTS_GetStringSize), (28 bytes).
    Removing ssd1306.o(i.SSD1306_DrawCircle), (260 bytes).
    Removing ssd1306.o(i.SSD1306_DrawFilledCircle), (334 bytes).
    Removing ssd1306.o(i.SSD1306_DrawFilledRectangle), (94 bytes).
    Removing ssd1306.o(i.SSD1306_DrawFilledTriangle), (298 bytes).
    Removing ssd1306.o(i.SSD1306_DrawLine), (330 bytes).
    Removing ssd1306.o(i.SSD1306_DrawRectangle), (136 bytes).
    Removing ssd1306.o(i.SSD1306_DrawTriangle), (64 bytes).
    Removing ssd1306.o(i.SSD1306_OFF), (44 bytes).
    Removing ssd1306.o(i.SSD1306_ON), (44 bytes).
    Removing ssd1306.o(i.SSD1306_ToggleInvert), (52 bytes).
    Removing dadd.o(.text), (334 bytes).
    Removing dmul.o(.text), (228 bytes).
    Removing ddiv.o(.text), (222 bytes).
    Removing dfixul.o(.text), (48 bytes).
    Removing cdrcmple.o(.text), (48 bytes).
    Removing depilogue.o(.text), (186 bytes).

552 unused section(s) (total 22759 bytes) removed from the image.

==============================================================================

Image Symbol Table

    Local Symbols

    Symbol Name                              Value     Ov Type        Size  Object(Section)

    ../../../clib/unwind_pr.c                0x00000000   Number         0  unwind_pr0.o ABSOLUTE
    ../../../clib/unwind_pr.c                0x00000000   Number         0  unwind_prcommon.o ABSOLUTE
    ../../../clib/unwinder.c                 0x00000000   Number         0  unwind_activity.o ABSOLUTE
    ../../../clib/unwinder.c                 0x00000000   Number         0  unwind_activity.o ABSOLUTE
    ../../../clib/unwinder.c                 0x00000000   Number         0  unwinder.o ABSOLUTE
    ../../../clib/unwinder.c                 0x00000000   Number         0  unwinder.o ABSOLUTE
    ../../../edgfe/lib_src/arm_exceptions.c  0x00000000   Number         0  arm_exceptions_mem.o ABSOLUTE
    ../../../edgfe/lib_src/arm_exceptions.c  0x00000000   Number         0  arm_exceptions_callterm.o ABSOLUTE
    ../../../edgfe/lib_src/arm_exceptions.c  0x00000000   Number         0  arm_exceptions_globs.o ABSOLUTE
    ../../../edgfe/lib_src/arm_exceptions.c  0x00000000   Number         0  arm_exceptions_support.o ABSOLUTE
    ../../../edgfe/lib_src/arm_exceptions.c  0x00000000   Number         0  arm_exceptions_terminate.o ABSOLUTE
    ../../../edgfe/lib_src/arm_noexceptions.c 0x00000000   Number         0  arm_begincatch_noexceptions.o ABSOLUTE
    ../../../edgfe/lib_src/arm_noexceptions.c 0x00000000   Number         0  arm_callunex_noexceptions.o ABSOLUTE
    ../../../edgfe/lib_src/arm_noexceptions.c 0x00000000   Number         0  arm_newhandler_noexceptions.o ABSOLUTE
    ../../../edgfe/lib_src/bad_alloc.c       0x00000000   Number         0  bad_alloc_dtor.o ABSOLUTE
    ../../../edgfe/lib_src/bad_alloc.c       0x00000000   Number         0  bad_alloc_what.o ABSOLUTE
    ../../../edgfe/lib_src/delete.c          0x00000000   Number         0  delete.o ABSOLUTE
    ../../../edgfe/lib_src/exception.c       0x00000000   Number         0  exception_dtor.o ABSOLUTE
    ../../../edgfe/lib_src/exception.c       0x00000000   Number         0  exception_what.o ABSOLUTE
    ../../../edgfe/lib_src/new.c             0x00000000   Number         0  new.o ABSOLUTE
    ../../../edgfe/lib_src/typeinfo.c        0x00000000   Number         0  lib_rtti_impl.o ABSOLUTE
    ../../../edgfe/lib_src/typeinfo.c        0x00000000   Number         0  type_info_dtor.o ABSOLUTE
    ../clib/microlib/cpp/cpp_memory.c        0x00000000   Number         0  cpp_memory.o ABSOLUTE
    ../clib/microlib/division.c              0x00000000   Number         0  uidiv.o ABSOLUTE
    ../clib/microlib/division.c              0x00000000   Number         0  uldiv.o ABSOLUTE
    ../clib/microlib/init/entry.s            0x00000000   Number         0  entry9a.o ABSOLUTE
    ../clib/microlib/init/entry.s            0x00000000   Number         0  entry10a.o ABSOLUTE
    ../clib/microlib/init/entry.s            0x00000000   Number         0  entry10b.o ABSOLUTE
    ../clib/microlib/init/entry.s            0x00000000   Number         0  entry11a.o ABSOLUTE
    ../clib/microlib/init/entry.s            0x00000000   Number         0  entry11b.o ABSOLUTE
    ../clib/microlib/init/entry.s            0x00000000   Number         0  entry9b.o ABSOLUTE
    ../clib/microlib/init/entry.s            0x00000000   Number         0  entry2.o ABSOLUTE
    ../clib/microlib/init/entry.s            0x00000000   Number         0  entry5.o ABSOLUTE
    ../clib/microlib/init/entry.s            0x00000000   Number         0  entry7a.o ABSOLUTE
    ../clib/microlib/init/entry.s            0x00000000   Number         0  entry7b.o ABSOLUTE
    ../clib/microlib/init/entry.s            0x00000000   Number         0  entry8a.o ABSOLUTE
    ../clib/microlib/init/entry.s            0x00000000   Number         0  entry8b.o ABSOLUTE
    ../clib/microlib/init/entry.s            0x00000000   Number         0  entry.o ABSOLUTE
    ../clib/microlib/longlong.c              0x00000000   Number         0  llushr.o ABSOLUTE
    ../clib/microlib/longlong.c              0x00000000   Number         0  llsshr.o ABSOLUTE
    ../clib/microlib/longlong.c              0x00000000   Number         0  llshl.o ABSOLUTE
    ../clib/microlib/malloc/malloc.c         0x00000000   Number         0  mallocra.o ABSOLUTE
    ../clib/microlib/malloc/malloc.c         0x00000000   Number         0  malloca.o ABSOLUTE
    ../clib/microlib/malloc/malloc.c         0x00000000   Number         0  mallocr.o ABSOLUTE
    ../clib/microlib/malloc/malloc.c         0x00000000   Number         0  malloc.o ABSOLUTE
    ../clib/microlib/malloc/mvars.c          0x00000000   Number         0  mvars.o ABSOLUTE
    ../clib/microlib/printf/printf.c         0x00000000   Number         0  printf1.o ABSOLUTE
    ../clib/microlib/printf/printf.c         0x00000000   Number         0  printf3.o ABSOLUTE
    ../clib/microlib/printf/printf.c         0x00000000   Number         0  printf4.o ABSOLUTE
    ../clib/microlib/printf/printf.c         0x00000000   Number         0  printf5.o ABSOLUTE
    ../clib/microlib/printf/printf.c         0x00000000   Number         0  printf6.o ABSOLUTE
    ../clib/microlib/printf/printf.c         0x00000000   Number         0  printf7.o ABSOLUTE
    ../clib/microlib/printf/printf.c         0x00000000   Number         0  printfb.o ABSOLUTE
    ../clib/microlib/printf/printf.c         0x00000000   Number         0  printf2.o ABSOLUTE
    ../clib/microlib/printf/printf.c         0x00000000   Number         0  printf0.o ABSOLUTE
    ../clib/microlib/printf/printf.c         0x00000000   Number         0  printfa.o ABSOLUTE
    ../clib/microlib/printf/printf.c         0x00000000   Number         0  printf8.o ABSOLUTE
    ../clib/microlib/printf/stubs.s          0x00000000   Number         0  stubs.o ABSOLUTE
    ../clib/microlib/stdio/streams.c         0x00000000   Number         0  stdout.o ABSOLUTE
    ../clib/microlib/stdlib/abort.c          0x00000000   Number         0  abort.o ABSOLUTE
    ../clib/microlib/stdlib/bsearch.c        0x00000000   Number         0  bsearch.o ABSOLUTE
    ../clib/microlib/string/memcpy.c         0x00000000   Number         0  memcpya.o ABSOLUTE
    ../clib/microlib/string/memcpy.c         0x00000000   Number         0  memcpyb.o ABSOLUTE
    ../clib/microlib/string/memset.c         0x00000000   Number         0  memseta.o ABSOLUTE
    ../clib/microlib/string/strlen.c         0x00000000   Number         0  strlen.o ABSOLUTE
    ../clib/microlib/stubs.s                 0x00000000   Number         0  iusefp.o ABSOLUTE
    ../fplib/microlib/fpadd.c                0x00000000   Number         0  dadd.o ABSOLUTE
    ../fplib/microlib/fpdiv.c                0x00000000   Number         0  ddiv.o ABSOLUTE
    ../fplib/microlib/fpepilogue.c           0x00000000   Number         0  depilogue.o ABSOLUTE
    ../fplib/microlib/fpfix.c                0x00000000   Number         0  dfixul.o ABSOLUTE
    ../fplib/microlib/fpmul.c                0x00000000   Number         0  dmul.o ABSOLUTE
    CMSIS\CM3\CoreSupport\core_cm3.c         0x00000000   Number         0  core_cm3.o ABSOLUTE
    CMSIS\CM3\DeviceSupport\ST\STM32F10x\startup\arm\startup_stm32f10x_md.s 0x00000000   Number         0  startup_stm32f10x_md.o ABSOLUTE
    CMSIS\CM3\DeviceSupport\ST\STM32F10x\system_stm32f10x.c 0x00000000   Number         0  system_stm32f10x.o ABSOLUTE
    CMSIS\\CM3\\CoreSupport\\core_cm3.c      0x00000000   Number         0  core_cm3.o ABSOLUTE
    STM32F10x_StdPeriph_Driver\src\misc.c    0x00000000   Number         0  misc.o ABSOLUTE
    STM32F10x_StdPeriph_Driver\src\stm32f10x_adc.c 0x00000000   Number         0  stm32f10x_adc.o ABSOLUTE
    STM32F10x_StdPeriph_Driver\src\stm32f10x_bkp.c 0x00000000   Number         0  stm32f10x_bkp.o ABSOLUTE
    STM32F10x_StdPeriph_Driver\src\stm32f10x_can.c 0x00000000   Number         0  stm32f10x_can.o ABSOLUTE
    STM32F10x_StdPeriph_Driver\src\stm32f10x_cec.c 0x00000000   Number         0  stm32f10x_cec.o ABSOLUTE
    STM32F10x_StdPeriph_Driver\src\stm32f10x_crc.c 0x00000000   Number         0  stm32f10x_crc.o ABSOLUTE
    STM32F10x_StdPeriph_Driver\src\stm32f10x_dac.c 0x00000000   Number         0  stm32f10x_dac.o ABSOLUTE
    STM32F10x_StdPeriph_Driver\src\stm32f10x_dbgmcu.c 0x00000000   Number         0  stm32f10x_dbgmcu.o ABSOLUTE
    STM32F10x_StdPeriph_Driver\src\stm32f10x_dma.c 0x00000000   Number         0  stm32f10x_dma.o ABSOLUTE
    STM32F10x_StdPeriph_Driver\src\stm32f10x_exti.c 0x00000000   Number         0  stm32f10x_exti.o ABSOLUTE
    STM32F10x_StdPeriph_Driver\src\stm32f10x_flash.c 0x00000000   Number         0  stm32f10x_flash.o ABSOLUTE
    STM32F10x_StdPeriph_Driver\src\stm32f10x_fsmc.c 0x00000000   Number         0  stm32f10x_fsmc.o ABSOLUTE
    STM32F10x_StdPeriph_Driver\src\stm32f10x_gpio.c 0x00000000   Number         0  stm32f10x_gpio.o ABSOLUTE
    STM32F10x_StdPeriph_Driver\src\stm32f10x_i2c.c 0x00000000   Number         0  stm32f10x_i2c.o ABSOLUTE
    STM32F10x_StdPeriph_Driver\src\stm32f10x_iwdg.c 0x00000000   Number         0  stm32f10x_iwdg.o ABSOLUTE
    STM32F10x_StdPeriph_Driver\src\stm32f10x_pwr.c 0x00000000   Number         0  stm32f10x_pwr.o ABSOLUTE
    STM32F10x_StdPeriph_Driver\src\stm32f10x_rcc.c 0x00000000   Number         0  stm32f10x_rcc.o ABSOLUTE
    STM32F10x_StdPeriph_Driver\src\stm32f10x_rtc.c 0x00000000   Number         0  stm32f10x_rtc.o ABSOLUTE
    STM32F10x_StdPeriph_Driver\src\stm32f10x_sdio.c 0x00000000   Number         0  stm32f10x_sdio.o ABSOLUTE
    STM32F10x_StdPeriph_Driver\src\stm32f10x_spi.c 0x00000000   Number         0  stm32f10x_spi.o ABSOLUTE
    STM32F10x_StdPeriph_Driver\src\stm32f10x_tim.c 0x00000000   Number         0  stm32f10x_tim.o ABSOLUTE
    STM32F10x_StdPeriph_Driver\src\stm32f10x_usart.c 0x00000000   Number         0  stm32f10x_usart.o ABSOLUTE
    STM32F10x_StdPeriph_Driver\src\stm32f10x_wwdg.c 0x00000000   Number         0  stm32f10x_wwdg.o ABSOLUTE
    cdrcmple.s                               0x00000000   Number         0  cdrcmple.o ABSOLUTE
    dc.s                                     0x00000000   Number         0  dc.o ABSOLUTE
    handlers.s                               0x00000000   Number         0  handlers.o ABSOLUTE
    init.s                                   0x00000000   Number         0  init.o ABSOLUTE
    src\DataProtocol.cpp                     0x00000000   Number         0  dataprotocol.o ABSOLUTE
    src\RF24.cpp                             0x00000000   Number         0  rf24.o ABSOLUTE
    src\RF24_HAL.cpp                         0x00000000   Number         0  rf24_hal.o ABSOLUTE
    src\RFID.c                               0x00000000   Number         0  rfid.o ABSOLUTE
    src\delay.c                              0x00000000   Number         0  delay.o ABSOLUTE
    src\function.cpp                         0x00000000   Number         0  function.o ABSOLUTE
    src\i2c.c                                0x00000000   Number         0  i2c.o ABSOLUTE
    src\ssd1306\fonts.c                      0x00000000   Number         0  fonts.o ABSOLUTE
    src\ssd1306\ssd1306.c                    0x00000000   Number         0  ssd1306.o ABSOLUTE
    src\ssd1306\ssd1306_i2c.c                0x00000000   Number         0  ssd1306_i2c.o ABSOLUTE
    src\ttp229.cpp                           0x00000000   Number         0  ttp229.o ABSOLUTE
    src\uart.cpp                             0x00000000   Number         0  uart.o ABSOLUTE
    user\main.c                              0x00000000   Number         0  main.o ABSOLUTE
    RESET                                    0x08000000   Section      236  startup_stm32f10x_md.o(RESET)
    .ARM.Collect$$$$00000000                 0x080000ec   Section        0  entry.o(.ARM.Collect$$$$00000000)
    .ARM.Collect$$$$00000001                 0x080000ec   Section        4  entry2.o(.ARM.Collect$$$$00000001)
    .ARM.Collect$$$$00000004                 0x080000f0   Section        4  entry5.o(.ARM.Collect$$$$00000004)
    .ARM.Collect$$$$00000008                 0x080000f4   Section        0  entry7b.o(.ARM.Collect$$$$00000008)
    .ARM.Collect$$$$0000000A                 0x080000f4   Section        0  entry8b.o(.ARM.Collect$$$$0000000A)
    .ARM.Collect$$$$0000000B                 0x080000f4   Section        8  entry9a.o(.ARM.Collect$$$$0000000B)
    .ARM.Collect$$$$0000000D                 0x080000fc   Section        0  entry10a.o(.ARM.Collect$$$$0000000D)
    .ARM.Collect$$$$0000000F                 0x080000fc   Section        0  entry11a.o(.ARM.Collect$$$$0000000F)
    .ARM.Collect$$$$00002712                 0x080000fc   Section        4  entry2.o(.ARM.Collect$$$$00002712)
    __lit__00000000                          0x080000fc   Data           4  entry2.o(.ARM.Collect$$$$00002712)
    .text                                    0x08000100   Section       36  startup_stm32f10x_md.o(.text)
    .text                                    0x08000124   Section        0  memcpya.o(.text)
    .text                                    0x08000148   Section        0  memseta.o(.text)
    .text                                    0x0800016c   Section        0  arm_newhandler_noexceptions.o(.text)
    .text                                    0x08000170   Section        0  uidiv.o(.text)
    .text                                    0x0800019c   Section        0  cpp_memory.o(.text)
    .text                                    0x080001b0   Section        0  arm_exceptions_terminate.o(.text)
    .text                                    0x080001cc   Section       36  init.o(.text)
    .text                                    0x080001f0   Section        0  arm_exceptions_globs.o(.text)
    [local to arm_exceptions_c]::__default_terminate_handler() 0x080001f1   Thumb Code     6  arm_exceptions_globs.o(.text)
    .text                                    0x08000240   Section        0  arm_exceptions_mem.o(.text)
    i.BuildBuffer                            0x0800027c   Section        0  dataprotocol.o(i.BuildBuffer)
    i.BuzzerRight                            0x080002da   Section        0  function.o(i.BuzzerRight)
    i.DelayInit                              0x08000324   Section        0  delay.o(i.DelayInit)
    i.DelayMs                                0x0800038c   Section        0  delay.o(i.DelayMs)
    i.DelayUs                                0x080003a4   Section        0  delay.o(i.DelayUs)
    i.EXTI0_IRQHandler                       0x080003b8   Section        0  main.o(i.EXTI0_IRQHandler)
    i.EXTI9_5_IRQHandler                     0x080003ce   Section        0  main.o(i.EXTI9_5_IRQHandler)
    i.EXTI_ClearITPendingBit                 0x080003e4   Section        0  stm32f10x_exti.o(i.EXTI_ClearITPendingBit)
    i.EXTI_GetITStatus                       0x080003f0   Section        0  stm32f10x_exti.o(i.EXTI_GetITStatus)
    i.GPIO_Configuration                     0x08000418   Section        0  main.o(i.GPIO_Configuration)
    i.GPIO_Init                              0x0800046c   Section        0  stm32f10x_gpio.o(i.GPIO_Init)
    i.GPIO_ReadInputDataBit                  0x08000582   Section        0  stm32f10x_gpio.o(i.GPIO_ReadInputDataBit)
    i.GPIO_ReadOutputDataBit                 0x08000594   Section        0  stm32f10x_gpio.o(i.GPIO_ReadOutputDataBit)
    i.GPIO_ResetBits                         0x080005a6   Section        0  stm32f10x_gpio.o(i.GPIO_ResetBits)
    i.GPIO_SetBits                           0x080005aa   Section        0  stm32f10x_gpio.o(i.GPIO_SetBits)
    i.I2C_CheckEvent                         0x080005ae   Section        0  stm32f10x_i2c.o(i.I2C_CheckEvent)
    i.I2C_Cmd                                0x080005d8   Section        0  stm32f10x_i2c.o(i.I2C_Cmd)
    i.I2C_Init                               0x080005f0   Section        0  stm32f10x_i2c.o(i.I2C_Init)
    i.InitBuzzer                             0x080006dc   Section        0  function.o(i.InitBuzzer)
    i.Initialize_RF24                        0x08000780   Section        0  function.o(i.Initialize_RF24)
    i.NVIC_Configuration                     0x08000840   Section        0  main.o(i.NVIC_Configuration)
    i.NVIC_Init                              0x08000864   Section        0  misc.o(i.NVIC_Init)
    i.NVIC_PriorityGroupConfig               0x080008d4   Section        0  misc.o(i.NVIC_PriorityGroupConfig)
    i.RCC_APB1PeriphClockCmd                 0x080008e8   Section        0  stm32f10x_rcc.o(i.RCC_APB1PeriphClockCmd)
    i.RCC_APB1PeriphResetCmd                 0x08000908   Section        0  stm32f10x_rcc.o(i.RCC_APB1PeriphResetCmd)
    i.RCC_APB2PeriphClockCmd                 0x08000928   Section        0  stm32f10x_rcc.o(i.RCC_APB2PeriphClockCmd)
    i.RCC_APB2PeriphResetCmd                 0x08000948   Section        0  stm32f10x_rcc.o(i.RCC_APB2PeriphResetCmd)
    i.RCC_GetClocksFreq                      0x08000968   Section        0  stm32f10x_rcc.o(i.RCC_GetClocksFreq)
    i.SPI2_ReadWrite                         0x08000a3c   Section        0  rfid.o(i.SPI2_ReadWrite)
    i.SPI_Cmd                                0x08000a74   Section        0  stm32f10x_spi.o(i.SPI_Cmd)
    i.SPI_I2S_GetFlagStatus                  0x08000a8c   Section        0  stm32f10x_spi.o(i.SPI_I2S_GetFlagStatus)
    i.SPI_I2S_ReceiveData                    0x08000a9e   Section        0  stm32f10x_spi.o(i.SPI_I2S_ReceiveData)
    i.SPI_I2S_SendData                       0x08000aa4   Section        0  stm32f10x_spi.o(i.SPI_I2S_SendData)
    i.SPI_Init                               0x08000aa8   Section        0  stm32f10x_spi.o(i.SPI_Init)
    i.SPI_NSSInternalSoftwareConfig          0x08000ae4   Section        0  stm32f10x_spi.o(i.SPI_NSSInternalSoftwareConfig)
    i.SSD1306_DrawPixel                      0x08000b04   Section        0  ssd1306.o(i.SSD1306_DrawPixel)
    i.SSD1306_Fill                           0x08000ba4   Section        0  ssd1306.o(i.SSD1306_Fill)
    i.SSD1306_GotoXY                         0x08000bc4   Section        0  ssd1306.o(i.SSD1306_GotoXY)
    i.SSD1306_Init                           0x08000bd0   Section        0  ssd1306.o(i.SSD1306_Init)
    i.SSD1306_Putc                           0x08000d64   Section        0  ssd1306.o(i.SSD1306_Putc)
    i.SSD1306_Puts                           0x08000e0c   Section        0  ssd1306.o(i.SSD1306_Puts)
    i.SSD1306_UpdateScreen                   0x08000e38   Section        0  ssd1306.o(i.SSD1306_UpdateScreen)
    i.SetSysClock                            0x08000e90   Section        0  system_stm32f10x.o(i.SetSysClock)
    SetSysClock                              0x08000e91   Thumb Code     8  system_stm32f10x.o(i.SetSysClock)
    i.SetSysClockTo72                        0x08000e98   Section        0  system_stm32f10x.o(i.SetSysClockTo72)
    SetSysClockTo72                          0x08000e99   Thumb Code   214  system_stm32f10x.o(i.SetSysClockTo72)
    i.Simple_Receive_Init                    0x08000f78   Section        0  function.o(i.Simple_Receive_Init)
    i.SysTick_Handler                        0x08000fc8   Section        0  delay.o(i.SysTick_Handler)
    i.SystemCoreClockUpdate                  0x08000fe0   Section        0  system_stm32f10x.o(i.SystemCoreClockUpdate)
    i.SystemInit                             0x08001084   Section        0  system_stm32f10x.o(i.SystemInit)
    i.TIM2_IRQHandler                        0x080010e4   Section        0  main.o(i.TIM2_IRQHandler)
    i.TIM4_IRQHandler                        0x080010fc   Section        0  main.o(i.TIM4_IRQHandler)
    i.TIM_ARRPreloadConfig                   0x08001130   Section        0  stm32f10x_tim.o(i.TIM_ARRPreloadConfig)
    i.TIM_CCxCmd                             0x08001148   Section        0  stm32f10x_tim.o(i.TIM_CCxCmd)
    i.TIM_ClearITPendingBit                  0x08001166   Section        0  stm32f10x_tim.o(i.TIM_ClearITPendingBit)
    i.TIM_Cmd                                0x0800116c   Section        0  stm32f10x_tim.o(i.TIM_Cmd)
    i.TIM_DeInit                             0x08001184   Section        0  stm32f10x_tim.o(i.TIM_DeInit)
    i.TIM_GetITStatus                        0x0800136c   Section        0  stm32f10x_tim.o(i.TIM_GetITStatus)
    i.TIM_ITConfig                           0x0800138e   Section        0  stm32f10x_tim.o(i.TIM_ITConfig)
    i.TIM_OC1Init                            0x080013a0   Section        0  stm32f10x_tim.o(i.TIM_OC1Init)
    i.TIM_OC1PreloadConfig                   0x08001438   Section        0  stm32f10x_tim.o(i.TIM_OC1PreloadConfig)
    i.TIM_OCStructInit                       0x0800144a   Section        0  stm32f10x_tim.o(i.TIM_OCStructInit)
    i.TIM_TimeBaseInit                       0x08001460   Section        0  stm32f10x_tim.o(i.TIM_TimeBaseInit)
    i.TM_MFRC522_AntennaOn                   0x08001504   Section        0  rfid.o(i.TM_MFRC522_AntennaOn)
    i.TM_MFRC522_Anticoll                    0x0800151e   Section        0  rfid.o(i.TM_MFRC522_Anticoll)
    i.TM_MFRC522_CalculateCRC                0x08001568   Section        0  rfid.o(i.TM_MFRC522_CalculateCRC)
    i.TM_MFRC522_Check                       0x080015cc   Section        0  rfid.o(i.TM_MFRC522_Check)
    i.TM_MFRC522_ClearBitMask                0x080015ec   Section        0  rfid.o(i.TM_MFRC522_ClearBitMask)
    i.TM_MFRC522_Halt                        0x08001606   Section        0  rfid.o(i.TM_MFRC522_Halt)
    i.TM_MFRC522_Init                        0x08001634   Section        0  rfid.o(i.TM_MFRC522_Init)
    i.TM_MFRC522_InitPins                    0x0800168c   Section        0  rfid.o(i.TM_MFRC522_InitPins)
    i.TM_MFRC522_ReadRegister                0x0800172c   Section        0  rfid.o(i.TM_MFRC522_ReadRegister)
    i.TM_MFRC522_Request                     0x08001770   Section        0  rfid.o(i.TM_MFRC522_Request)
    i.TM_MFRC522_Reset                       0x080017a2   Section        0  rfid.o(i.TM_MFRC522_Reset)
    i.TM_MFRC522_SetBitMask                  0x080017ae   Section        0  rfid.o(i.TM_MFRC522_SetBitMask)
    i.TM_MFRC522_ToCard                      0x080017c8   Section        0  rfid.o(i.TM_MFRC522_ToCard)
    i.TM_MFRC522_WriteRegister               0x080018f4   Section        0  rfid.o(i.TM_MFRC522_WriteRegister)
    i.TTP229_GetKey                          0x08001930   Section        0  ttp229.o(i.TTP229_GetKey)
    i.TTP229_GetKeys                         0x080019f4   Section        0  ttp229.o(i.TTP229_GetKeys)
    i.TTP229_Init                            0x08001a34   Section        0  ttp229.o(i.TTP229_Init)
    i.Timer_Init                             0x08001a94   Section        0  function.o(i.Timer_Init)
    i.USART1_IRQHandler                      0x08001b00   Section        0  main.o(i.USART1_IRQHandler)
    i.USART_Cmd                              0x08001b28   Section        0  stm32f10x_usart.o(i.USART_Cmd)
    i.USART_GetFlagStatus                    0x08001b40   Section        0  stm32f10x_usart.o(i.USART_GetFlagStatus)
    i.USART_GetITStatus                      0x08001b5a   Section        0  stm32f10x_usart.o(i.USART_GetITStatus)
    i.USART_ITConfig                         0x08001bae   Section        0  stm32f10x_usart.o(i.USART_ITConfig)
    i.USART_Init                             0x08001bf8   Section        0  stm32f10x_usart.o(i.USART_Init)
    i.USART_ReceiveData                      0x08001cd0   Section        0  stm32f10x_usart.o(i.USART_ReceiveData)
    i.USART_SendData                         0x08001cda   Section        0  stm32f10x_usart.o(i.USART_SendData)
    i._Z13nRF24_ReadRegh                     0x08001ce4   Section        0  rf24.o(i._Z13nRF24_ReadRegh)
    nRF24_ReadReg(unsigned char)             0x08001ce5   Thumb Code    40  rf24.o(i._Z13nRF24_ReadRegh)
    i._Z14nRF24_WriteReghh                   0x08001d10   Section        0  rf24.o(i._Z14nRF24_WriteReghh)
    nRF24_WriteReg(unsigned char, unsigned char) 0x08001d11   Thumb Code    76  rf24.o(i._Z14nRF24_WriteReghh)
    i._Z15nRF24_ReadMBReghPhh                0x08001d60   Section        0  rf24.o(i._Z15nRF24_ReadMBReghPhh)
    nRF24_ReadMBReg(unsigned char, unsigned char*, unsigned char) 0x08001d61   Thumb Code    54  rf24.o(i._Z15nRF24_ReadMBReghPhh)
    i._Z16nRF24_WriteMBReghPhh               0x08001d9c   Section        0  rf24.o(i._Z16nRF24_WriteMBReghPhh)
    nRF24_WriteMBReg(unsigned char, unsigned char*, unsigned char) 0x08001d9d   Thumb Code    52  rf24.o(i._Z16nRF24_WriteMBReghPhh)
    i._Z17_TTP229_Receive_8v                 0x08001dd4   Section        0  ttp229.o(i._Z17_TTP229_Receive_8v)
    i._Z18_TTP229_Receive_16v                0x08001e50   Section        0  ttp229.o(i._Z18_TTP229_Receive_16v)
    i._Znwj                                  0x08001ecc   Section        0  new.o(i._Znwj)
    i.__0printf$3                            0x08001ef4   Section        0  printf3.o(i.__0printf$3)
    i.__0sprintf$3                           0x08001f14   Section        0  printf3.o(i.__0sprintf$3)
    i.__scatterload_copy                     0x08001f3c   Section       14  handlers.o(i.__scatterload_copy)
    i.__scatterload_null                     0x08001f4a   Section        2  handlers.o(i.__scatterload_null)
    i.__scatterload_zeroinit                 0x08001f4c   Section       14  handlers.o(i.__scatterload_zeroinit)
    i._printf_core                           0x08001f5c   Section        0  printf3.o(i._printf_core)
    _printf_core                             0x08001f5d   Thumb Code   436  printf3.o(i._printf_core)
    i._sputc                                 0x08002114   Section        0  printf3.o(i._sputc)
    _sputc                                   0x08002115   Thumb Code    10  printf3.o(i._sputc)
    i.fputc                                  0x08002120   Section        0  main.o(i.fputc)
    i.initialize                             0x08002154   Section        0  main.o(i.initialize)
    i.led_toggle                             0x0800225c   Section        0  main.o(i.led_toggle)
    i.main                                   0x08002288   Section        0  main.o(i.main)
    i.malloc                                 0x08002498   Section        0  malloc.o(i.malloc)
    i.nRF24_Check                            0x08002504   Section        0  rf24.o(i.nRF24_Check)
    i.nRF24_ClearIRQFlags                    0x08002544   Section        0  rf24.o(i.nRF24_ClearIRQFlags)
    i.nRF24_DisableAA                        0x0800255c   Section        0  rf24.o(i.nRF24_DisableAA)
    i.nRF24_FlushRX                          0x08002586   Section        0  rf24.o(i.nRF24_FlushRX)
    i.nRF24_FlushTX                          0x08002592   Section        0  rf24.o(i.nRF24_FlushTX)
    i.nRF24_GPIO_Init                        0x080025a0   Section        0  rf24_hal.o(i.nRF24_GPIO_Init)
    i.nRF24_Init                             0x080025e8   Section        0  rf24.o(i.nRF24_Init)
    i.nRF24_LL_RW                            0x08002684   Section        0  rf24_hal.o(i.nRF24_LL_RW)
    i.nRF24_SetAddr                          0x080026bc   Section        0  rf24.o(i.nRF24_SetAddr)
    i.nRF24_SetAddrWidth                     0x08002734   Section        0  rf24.o(i.nRF24_SetAddrWidth)
    i.nRF24_SetCRCScheme                     0x08002744   Section        0  rf24.o(i.nRF24_SetCRCScheme)
    i.nRF24_SetDataRate                      0x08002764   Section        0  rf24.o(i.nRF24_SetDataRate)
    i.nRF24_SetOperationalMode               0x08002780   Section        0  rf24.o(i.nRF24_SetOperationalMode)
    i.nRF24_SetPowerMode                     0x080027a0   Section        0  rf24.o(i.nRF24_SetPowerMode)
    i.nRF24_SetRFChannel                     0x080027c4   Section        0  rf24.o(i.nRF24_SetRFChannel)
    i.nRF24_SetRXPipe                        0x080027d4   Section        0  rf24.o(i.nRF24_SetRXPipe)
    i.ssd1306_I2C_Init                       0x08002830   Section        0  ssd1306_i2c.o(i.ssd1306_I2C_Init)
    i.ssd1306_I2C_IsDeviceConnected          0x080028a4   Section        0  ssd1306_i2c.o(i.ssd1306_I2C_IsDeviceConnected)
    i.ssd1306_I2C_Start                      0x080028c8   Section        0  ssd1306_i2c.o(i.ssd1306_I2C_Start)
    i.ssd1306_I2C_Stop                       0x08002978   Section        0  ssd1306_i2c.o(i.ssd1306_I2C_Stop)
    i.ssd1306_I2C_Write                      0x080029b8   Section        0  ssd1306_i2c.o(i.ssd1306_I2C_Write)
    i.ssd1306_I2C_WriteData                  0x080029ec   Section        0  ssd1306_i2c.o(i.ssd1306_I2C_WriteData)
    i.ssd1306_I2C_WriteMulti                 0x08002a18   Section        0  ssd1306_i2c.o(i.ssd1306_I2C_WriteMulti)
    .constdata                               0x08002a5a   Section        3  function.o(.constdata)
    nRF24_ADDR                               0x08002a5a   Data           3  function.o(.constdata)
    .constdata                               0x08002a5d   Section       13  rf24.o(.constdata)
    nRF24_RX_PW_PIPE                         0x08002a5d   Data           6  rf24.o(.constdata)
    nRF24_ADDR_REGS                          0x08002a63   Data           7  rf24.o(.constdata)
    .constdata                               0x08002a6a   Section    10260  fonts.o(.constdata)
    .data                                    0x20000000   Section       35  main.o(.data)
    .data                                    0x20000024   Section       20  system_stm32f10x.o(.data)
    .data                                    0x20000038   Section       20  stm32f10x_rcc.o(.data)
    APBAHBPrescTable                         0x20000038   Data          16  stm32f10x_rcc.o(.data)
    ADCPrescTable                            0x20000048   Data           4  stm32f10x_rcc.o(.data)
    .data                                    0x2000004c   Section        4  delay.o(.data)
    usTicks                                  0x2000004c   Data           4  delay.o(.data)
    .data                                    0x20000050   Section        1  ttp229.o(.data)
    .data                                    0x20000054   Section       24  fonts.o(.data)
    .data                                    0x2000006c   Section        6  ssd1306.o(.data)
    SSD1306                                  0x2000006c   Data           6  ssd1306.o(.data)
    .data                                    0x20000074   Section        4  ssd1306_i2c.o(.data)
    ssd1306_I2C_Timeout                      0x20000074   Data           4  ssd1306_i2c.o(.data)
    .data                                    0x20000078   Section        4  stdout.o(.data)
    .data                                    0x2000007c   Section        4  mvars.o(.data)
    .data                                    0x20000080   Section        4  mvars.o(.data)
    .data                                    0x20000084   Section       12  cpp_memory.o(.data)
    handler_pointer                          0x20000084   Data           4  cpp_memory.o(.data)
    eh                                       0x20000088   Data           4  cpp_memory.o(.data)
    eh_p                                     0x2000008c   Data           4  cpp_memory.o(.data)
    .bss                                     0x20000090   Section       71  main.o(.bss)
    .bss                                     0x200000d7   Section     1024  ssd1306.o(.bss)
    SSD1306_Buffer                           0x200000d7   Data        1024  ssd1306.o(.bss)
    HEAP                                     0x200004d8   Section      512  startup_stm32f10x_md.o(HEAP)
    STACK                                    0x200006d8   Section     1024  startup_stm32f10x_md.o(STACK)

    Global Symbols

    Symbol Name                              Value     Ov Type        Size  Object(Section)

    BuildAttributes$$THM_ISAv4$P$D$K$B$S$PE$A:L22UL41UL21$X:L11$S22US41US21$IEEE1$IW$USESV6$~STKCKD$USESV7$~SHL$OSPACE$ROPI$EBA8$UX$MICROLIB$REQ8$PRES8$EABIv2 0x00000000   Number         0  anon$$obj.o ABSOLUTE
    __ARM_use_no_argv                        0x00000000   Number         0  main.o ABSOLUTE
    _printf_a                                0x00000000   Number         0  stubs.o ABSOLUTE
    _printf_c                                0x00000000   Number         0  stubs.o ABSOLUTE
    _printf_charcount                        0x00000000   Number         0  stubs.o ABSOLUTE
    _printf_d                                0x00000000   Number         0  stubs.o ABSOLUTE
    _printf_e                                0x00000000   Number         0  stubs.o ABSOLUTE
    _printf_f                                0x00000000   Number         0  stubs.o ABSOLUTE
    _printf_flags                            0x00000000   Number         0  stubs.o ABSOLUTE
    _printf_fp_dec                           0x00000000   Number         0  stubs.o ABSOLUTE
    _printf_fp_hex                           0x00000000   Number         0  stubs.o ABSOLUTE
    _printf_g                                0x00000000   Number         0  stubs.o ABSOLUTE
    _printf_i                                0x00000000   Number         0  stubs.o ABSOLUTE
    _printf_int_dec                          0x00000000   Number         0  stubs.o ABSOLUTE
    _printf_l                                0x00000000   Number         0  stubs.o ABSOLUTE
    _printf_lc                               0x00000000   Number         0  stubs.o ABSOLUTE
    _printf_ll                               0x00000000   Number         0  stubs.o ABSOLUTE
    _printf_lld                              0x00000000   Number         0  stubs.o ABSOLUTE
    _printf_lli                              0x00000000   Number         0  stubs.o ABSOLUTE
    _printf_llo                              0x00000000   Number         0  stubs.o ABSOLUTE
    _printf_llu                              0x00000000   Number         0  stubs.o ABSOLUTE
    _printf_llx                              0x00000000   Number         0  stubs.o ABSOLUTE
    _printf_longlong_dec                     0x00000000   Number         0  stubs.o ABSOLUTE
    _printf_longlong_hex                     0x00000000   Number         0  stubs.o ABSOLUTE
    _printf_longlong_oct                     0x00000000   Number         0  stubs.o ABSOLUTE
    _printf_ls                               0x00000000   Number         0  stubs.o ABSOLUTE
    _printf_mbtowc                           0x00000000   Number         0  stubs.o ABSOLUTE
    _printf_n                                0x00000000   Number         0  stubs.o ABSOLUTE
    _printf_o                                0x00000000   Number         0  stubs.o ABSOLUTE
    _printf_p                                0x00000000   Number         0  stubs.o ABSOLUTE
    _printf_percent                          0x00000000   Number         0  stubs.o ABSOLUTE
    _printf_pre_padding                      0x00000000   Number         0  stubs.o ABSOLUTE
    _printf_return_value                     0x00000000   Number         0  stubs.o ABSOLUTE
    _printf_s                                0x00000000   Number         0  stubs.o ABSOLUTE
    _printf_sizespec                         0x00000000   Number         0  stubs.o ABSOLUTE
    _printf_str                              0x00000000   Number         0  stubs.o ABSOLUTE
    _printf_truncate_signed                  0x00000000   Number         0  stubs.o ABSOLUTE
    _printf_truncate_unsigned                0x00000000   Number         0  stubs.o ABSOLUTE
    _printf_u                                0x00000000   Number         0  stubs.o ABSOLUTE
    _printf_wc                               0x00000000   Number         0  stubs.o ABSOLUTE
    _printf_wctomb                           0x00000000   Number         0  stubs.o ABSOLUTE
    _printf_widthprec                        0x00000000   Number         0  stubs.o ABSOLUTE
    _printf_x                                0x00000000   Number         0  stubs.o ABSOLUTE
    SHT$$ARM_EXIDX$$Base                      - Undefined Reference
    SHT$$ARM_EXIDX$$Limit                     - Undefined Reference
    __ARM::default_unexpected_handler()       - Undefined Weak Reference
    __ARM_exceptions_buffer_required          - Undefined Weak Reference
    __aeabi_unwind_cpp_pr1                    - Undefined Weak Reference
    __aeabi_unwind_cpp_pr2                    - Undefined Weak Reference
    __cpp_initialize__aeabi_                  - Undefined Weak Reference
    __cxa_begin_cleanup                       - Undefined Weak Reference
    __cxa_finalize                            - Undefined Weak Reference
    __cxa_type_match                          - Undefined Weak Reference
    __decompress                              - Undefined Weak Reference
    _clock_init                               - Undefined Weak Reference
    _microlib_exit                            - Undefined Weak Reference
    __Vectors_Size                           0x000000ec   Number         0  startup_stm32f10x_md.o ABSOLUTE
    __Vectors                                0x08000000   Data           4  startup_stm32f10x_md.o(RESET)
    __Vectors_End                            0x080000ec   Data           0  startup_stm32f10x_md.o(RESET)
    __main                                   0x080000ed   Thumb Code     0  entry.o(.ARM.Collect$$$$00000000)
    _main_stk                                0x080000ed   Thumb Code     0  entry2.o(.ARM.Collect$$$$00000001)
    _main_scatterload                        0x080000f1   Thumb Code     0  entry5.o(.ARM.Collect$$$$00000004)
    __main_after_scatterload                 0x080000f5   Thumb Code     0  entry5.o(.ARM.Collect$$$$00000004)
    _main_clock                              0x080000f5   Thumb Code     0  entry7b.o(.ARM.Collect$$$$00000008)
    _main_cpp_init                           0x080000f5   Thumb Code     0  entry8b.o(.ARM.Collect$$$$0000000A)
    _main_init                               0x080000f5   Thumb Code     0  entry9a.o(.ARM.Collect$$$$0000000B)
    __rt_final_cpp                           0x080000fd   Thumb Code     0  entry10a.o(.ARM.Collect$$$$0000000D)
    __rt_final_exit                          0x080000fd   Thumb Code     0  entry11a.o(.ARM.Collect$$$$0000000F)
    Reset_Handler                            0x08000101   Thumb Code     8  startup_stm32f10x_md.o(.text)
    NMI_Handler                              0x08000109   Thumb Code     2  startup_stm32f10x_md.o(.text)
    HardFault_Handler                        0x0800010b   Thumb Code     2  startup_stm32f10x_md.o(.text)
    MemManage_Handler                        0x0800010d   Thumb Code     2  startup_stm32f10x_md.o(.text)
    BusFault_Handler                         0x0800010f   Thumb Code     2  startup_stm32f10x_md.o(.text)
    UsageFault_Handler                       0x08000111   Thumb Code     2  startup_stm32f10x_md.o(.text)
    SVC_Handler                              0x08000113   Thumb Code     2  startup_stm32f10x_md.o(.text)
    DebugMon_Handler                         0x08000115   Thumb Code     2  startup_stm32f10x_md.o(.text)
    PendSV_Handler                           0x08000117   Thumb Code     2  startup_stm32f10x_md.o(.text)
    ADC1_2_IRQHandler                        0x0800011b   Thumb Code     0  startup_stm32f10x_md.o(.text)
    CAN1_RX1_IRQHandler                      0x0800011b   Thumb Code     0  startup_stm32f10x_md.o(.text)
    CAN1_SCE_IRQHandler                      0x0800011b   Thumb Code     0  startup_stm32f10x_md.o(.text)
    DMA1_Channel1_IRQHandler                 0x0800011b   Thumb Code     0  startup_stm32f10x_md.o(.text)
    DMA1_Channel2_IRQHandler                 0x0800011b   Thumb Code     0  startup_stm32f10x_md.o(.text)
    DMA1_Channel3_IRQHandler                 0x0800011b   Thumb Code     0  startup_stm32f10x_md.o(.text)
    DMA1_Channel4_IRQHandler                 0x0800011b   Thumb Code     0  startup_stm32f10x_md.o(.text)
    DMA1_Channel5_IRQHandler                 0x0800011b   Thumb Code     0  startup_stm32f10x_md.o(.text)
    DMA1_Channel6_IRQHandler                 0x0800011b   Thumb Code     0  startup_stm32f10x_md.o(.text)
    DMA1_Channel7_IRQHandler                 0x0800011b   Thumb Code     0  startup_stm32f10x_md.o(.text)
    EXTI15_10_IRQHandler                     0x0800011b   Thumb Code     0  startup_stm32f10x_md.o(.text)
    EXTI1_IRQHandler                         0x0800011b   Thumb Code     0  startup_stm32f10x_md.o(.text)
    EXTI2_IRQHandler                         0x0800011b   Thumb Code     0  startup_stm32f10x_md.o(.text)
    EXTI3_IRQHandler                         0x0800011b   Thumb Code     0  startup_stm32f10x_md.o(.text)
    EXTI4_IRQHandler                         0x0800011b   Thumb Code     0  startup_stm32f10x_md.o(.text)
    FLASH_IRQHandler                         0x0800011b   Thumb Code     0  startup_stm32f10x_md.o(.text)
    I2C1_ER_IRQHandler                       0x0800011b   Thumb Code     0  startup_stm32f10x_md.o(.text)
    I2C1_EV_IRQHandler                       0x0800011b   Thumb Code     0  startup_stm32f10x_md.o(.text)
    I2C2_ER_IRQHandler                       0x0800011b   Thumb Code     0  startup_stm32f10x_md.o(.text)
    I2C2_EV_IRQHandler                       0x0800011b   Thumb Code     0  startup_stm32f10x_md.o(.text)
    PVD_IRQHandler                           0x0800011b   Thumb Code     0  startup_stm32f10x_md.o(.text)
    RCC_IRQHandler                           0x0800011b   Thumb Code     0  startup_stm32f10x_md.o(.text)
    RTCAlarm_IRQHandler                      0x0800011b   Thumb Code     0  startup_stm32f10x_md.o(.text)
    RTC_IRQHandler                           0x0800011b   Thumb Code     0  startup_stm32f10x_md.o(.text)
    SPI1_IRQHandler                          0x0800011b   Thumb Code     0  startup_stm32f10x_md.o(.text)
    SPI2_IRQHandler                          0x0800011b   Thumb Code     0  startup_stm32f10x_md.o(.text)
    TAMPER_IRQHandler                        0x0800011b   Thumb Code     0  startup_stm32f10x_md.o(.text)
    TIM1_BRK_IRQHandler                      0x0800011b   Thumb Code     0  startup_stm32f10x_md.o(.text)
    TIM1_CC_IRQHandler                       0x0800011b   Thumb Code     0  startup_stm32f10x_md.o(.text)
    TIM1_TRG_COM_IRQHandler                  0x0800011b   Thumb Code     0  startup_stm32f10x_md.o(.text)
    TIM1_UP_IRQHandler                       0x0800011b   Thumb Code     0  startup_stm32f10x_md.o(.text)
    TIM3_IRQHandler                          0x0800011b   Thumb Code     0  startup_stm32f10x_md.o(.text)
    USART2_IRQHandler                        0x0800011b   Thumb Code     0  startup_stm32f10x_md.o(.text)
    USART3_IRQHandler                        0x0800011b   Thumb Code     0  startup_stm32f10x_md.o(.text)
    USBWakeUp_IRQHandler                     0x0800011b   Thumb Code     0  startup_stm32f10x_md.o(.text)
    USB_HP_CAN1_TX_IRQHandler                0x0800011b   Thumb Code     0  startup_stm32f10x_md.o(.text)
    USB_LP_CAN1_RX0_IRQHandler               0x0800011b   Thumb Code     0  startup_stm32f10x_md.o(.text)
    WWDG_IRQHandler                          0x0800011b   Thumb Code     0  startup_stm32f10x_md.o(.text)
    __aeabi_memcpy                           0x08000125   Thumb Code    36  memcpya.o(.text)
    __aeabi_memcpy4                          0x08000125   Thumb Code     0  memcpya.o(.text)
    __aeabi_memcpy8                          0x08000125   Thumb Code     0  memcpya.o(.text)
    __aeabi_memset                           0x08000149   Thumb Code    14  memseta.o(.text)
    __aeabi_memset4                          0x08000149   Thumb Code     0  memseta.o(.text)
    __aeabi_memset8                          0x08000149   Thumb Code     0  memseta.o(.text)
    __aeabi_memclr                           0x08000157   Thumb Code     4  memseta.o(.text)
    __aeabi_memclr4                          0x08000157   Thumb Code     0  memseta.o(.text)
    __aeabi_memclr8                          0x08000157   Thumb Code     0  memseta.o(.text)
    _memset$wrapper                          0x0800015b   Thumb Code    18  memseta.o(.text)
    __default_new_handler()                  0x0800016d   Thumb Code     4  arm_newhandler_noexceptions.o(.text)
    __aeabi_uidiv                            0x08000171   Thumb Code     0  uidiv.o(.text)
    __aeabi_uidivmod                         0x08000171   Thumb Code    44  uidiv.o(.text)
    __rt_new_handler_addr                    0x0800019d   Thumb Code     4  cpp_memory.o(.text)
    __rt_eh_globals_addr                     0x080001a1   Thumb Code    12  cpp_memory.o(.text)
    std::terminate()                         0x080001b1   Thumb Code    26  arm_exceptions_terminate.o(.text)
    __scatterload                            0x080001cd   Thumb Code    28  init.o(.text)
    __scatterload_rt2                        0x080001cd   Thumb Code     0  init.o(.text)
    __cxa_get_globals                        0x080001f7   Thumb Code    62  arm_exceptions_globs.o(.text)
    __ARM_exceptions_buffer_init             0x08000241   Thumb Code    18  arm_exceptions_mem.o(.text)
    __ARM_exceptions_buffer_allocate         0x08000253   Thumb Code    22  arm_exceptions_mem.o(.text)
    __ARM_exceptions_buffer_free             0x08000269   Thumb Code    20  arm_exceptions_mem.o(.text)
    BuildBuffer                              0x0800027d   Thumb Code    94  dataprotocol.o(i.BuildBuffer)
    BuzzerRight                              0x080002db   Thumb Code    72  function.o(i.BuzzerRight)
    DelayInit                                0x08000325   Thumb Code    86  delay.o(i.DelayInit)
    DelayMs                                  0x0800038d   Thumb Code    24  delay.o(i.DelayMs)
    DelayUs                                  0x080003a5   Thumb Code    16  delay.o(i.DelayUs)
    EXTI0_IRQHandler                         0x080003b9   Thumb Code    22  main.o(i.EXTI0_IRQHandler)
    EXTI9_5_IRQHandler                       0x080003cf   Thumb Code    22  main.o(i.EXTI9_5_IRQHandler)
    EXTI_ClearITPendingBit                   0x080003e5   Thumb Code     6  stm32f10x_exti.o(i.EXTI_ClearITPendingBit)
    EXTI_GetITStatus                         0x080003f1   Thumb Code    34  stm32f10x_exti.o(i.EXTI_GetITStatus)
    GPIO_Configuration                       0x08000419   Thumb Code    72  main.o(i.GPIO_Configuration)
    GPIO_Init                                0x0800046d   Thumb Code   278  stm32f10x_gpio.o(i.GPIO_Init)
    GPIO_ReadInputDataBit                    0x08000583   Thumb Code    18  stm32f10x_gpio.o(i.GPIO_ReadInputDataBit)
    GPIO_ReadOutputDataBit                   0x08000595   Thumb Code    18  stm32f10x_gpio.o(i.GPIO_ReadOutputDataBit)
    GPIO_ResetBits                           0x080005a7   Thumb Code     4  stm32f10x_gpio.o(i.GPIO_ResetBits)
    GPIO_SetBits                             0x080005ab   Thumb Code     4  stm32f10x_gpio.o(i.GPIO_SetBits)
    I2C_CheckEvent                           0x080005af   Thumb Code    42  stm32f10x_i2c.o(i.I2C_CheckEvent)
    I2C_Cmd                                  0x080005d9   Thumb Code    24  stm32f10x_i2c.o(i.I2C_Cmd)
    I2C_Init                                 0x080005f1   Thumb Code   222  stm32f10x_i2c.o(i.I2C_Init)
    InitBuzzer                               0x080006dd   Thumb Code   160  function.o(i.InitBuzzer)
    Initialize_RF24                          0x08000781   Thumb Code   184  function.o(i.Initialize_RF24)
    NVIC_Configuration                       0x08000841   Thumb Code    32  main.o(i.NVIC_Configuration)
    NVIC_Init                                0x08000865   Thumb Code   100  misc.o(i.NVIC_Init)
    NVIC_PriorityGroupConfig                 0x080008d5   Thumb Code    10  misc.o(i.NVIC_PriorityGroupConfig)
    RCC_APB1PeriphClockCmd                   0x080008e9   Thumb Code    26  stm32f10x_rcc.o(i.RCC_APB1PeriphClockCmd)
    RCC_APB1PeriphResetCmd                   0x08000909   Thumb Code    26  stm32f10x_rcc.o(i.RCC_APB1PeriphResetCmd)
    RCC_APB2PeriphClockCmd                   0x08000929   Thumb Code    26  stm32f10x_rcc.o(i.RCC_APB2PeriphClockCmd)
    RCC_APB2PeriphResetCmd                   0x08000949   Thumb Code    26  stm32f10x_rcc.o(i.RCC_APB2PeriphResetCmd)
    RCC_GetClocksFreq                        0x08000969   Thumb Code   192  stm32f10x_rcc.o(i.RCC_GetClocksFreq)
    SPI2_ReadWrite                           0x08000a3d   Thumb Code    50  rfid.o(i.SPI2_ReadWrite)
    SPI_Cmd                                  0x08000a75   Thumb Code    24  stm32f10x_spi.o(i.SPI_Cmd)
    SPI_I2S_GetFlagStatus                    0x08000a8d   Thumb Code    18  stm32f10x_spi.o(i.SPI_I2S_GetFlagStatus)
    SPI_I2S_ReceiveData                      0x08000a9f   Thumb Code     6  stm32f10x_spi.o(i.SPI_I2S_ReceiveData)
    SPI_I2S_SendData                         0x08000aa5   Thumb Code     4  stm32f10x_spi.o(i.SPI_I2S_SendData)
    SPI_Init                                 0x08000aa9   Thumb Code    60  stm32f10x_spi.o(i.SPI_Init)
    SPI_NSSInternalSoftwareConfig            0x08000ae5   Thumb Code    30  stm32f10x_spi.o(i.SPI_NSSInternalSoftwareConfig)
    SSD1306_DrawPixel                        0x08000b05   Thumb Code   152  ssd1306.o(i.SSD1306_DrawPixel)
    SSD1306_Fill                             0x08000ba5   Thumb Code    26  ssd1306.o(i.SSD1306_Fill)
    SSD1306_GotoXY                           0x08000bc5   Thumb Code     8  ssd1306.o(i.SSD1306_GotoXY)
    SSD1306_Init                             0x08000bd1   Thumb Code   394  ssd1306.o(i.SSD1306_Init)
    SSD1306_Putc                             0x08000d65   Thumb Code   164  ssd1306.o(i.SSD1306_Putc)
    SSD1306_Puts                             0x08000e0d   Thumb Code    42  ssd1306.o(i.SSD1306_Puts)
    SSD1306_UpdateScreen                     0x08000e39   Thumb Code    78  ssd1306.o(i.SSD1306_UpdateScreen)
    Simple_Receive_Init                      0x08000f79   Thumb Code    72  function.o(i.Simple_Receive_Init)
    SysTick_Handler                          0x08000fc9   Thumb Code    18  delay.o(i.SysTick_Handler)
    SystemCoreClockUpdate                    0x08000fe1   Thumb Code   142  system_stm32f10x.o(i.SystemCoreClockUpdate)
    SystemInit                               0x08001085   Thumb Code    78  system_stm32f10x.o(i.SystemInit)
    TIM2_IRQHandler                          0x080010e5   Thumb Code    22  main.o(i.TIM2_IRQHandler)
    TIM4_IRQHandler                          0x080010fd   Thumb Code    44  main.o(i.TIM4_IRQHandler)
    TIM_ARRPreloadConfig                     0x08001131   Thumb Code    24  stm32f10x_tim.o(i.TIM_ARRPreloadConfig)
    TIM_CCxCmd                               0x08001149   Thumb Code    30  stm32f10x_tim.o(i.TIM_CCxCmd)
    TIM_ClearITPendingBit                    0x08001167   Thumb Code     6  stm32f10x_tim.o(i.TIM_ClearITPendingBit)
    TIM_Cmd                                  0x0800116d   Thumb Code    24  stm32f10x_tim.o(i.TIM_Cmd)
    TIM_DeInit                               0x08001185   Thumb Code   424  stm32f10x_tim.o(i.TIM_DeInit)
    TIM_GetITStatus                          0x0800136d   Thumb Code    34  stm32f10x_tim.o(i.TIM_GetITStatus)
    TIM_ITConfig                             0x0800138f   Thumb Code    18  stm32f10x_tim.o(i.TIM_ITConfig)
    TIM_OC1Init                              0x080013a1   Thumb Code   132  stm32f10x_tim.o(i.TIM_OC1Init)
    TIM_OC1PreloadConfig                     0x08001439   Thumb Code    18  stm32f10x_tim.o(i.TIM_OC1PreloadConfig)
    TIM_OCStructInit                         0x0800144b   Thumb Code    20  stm32f10x_tim.o(i.TIM_OCStructInit)
    TIM_TimeBaseInit                         0x08001461   Thumb Code   122  stm32f10x_tim.o(i.TIM_TimeBaseInit)
    TM_MFRC522_AntennaOn                     0x08001505   Thumb Code    26  rfid.o(i.TM_MFRC522_AntennaOn)
    TM_MFRC522_Anticoll                      0x0800151f   Thumb Code    74  rfid.o(i.TM_MFRC522_Anticoll)
    TM_MFRC522_CalculateCRC                  0x08001569   Thumb Code   100  rfid.o(i.TM_MFRC522_CalculateCRC)
    TM_MFRC522_Check                         0x080015cd   Thumb Code    32  rfid.o(i.TM_MFRC522_Check)
    TM_MFRC522_ClearBitMask                  0x080015ed   Thumb Code    26  rfid.o(i.TM_MFRC522_ClearBitMask)
    TM_MFRC522_Halt                          0x08001607   Thumb Code    44  rfid.o(i.TM_MFRC522_Halt)
    TM_MFRC522_Init                          0x08001635   Thumb Code    82  rfid.o(i.TM_MFRC522_Init)
    TM_MFRC522_InitPins                      0x0800168d   Thumb Code   152  rfid.o(i.TM_MFRC522_InitPins)
    TM_MFRC522_ReadRegister                  0x0800172d   Thumb Code    62  rfid.o(i.TM_MFRC522_ReadRegister)
    TM_MFRC522_Request                       0x08001771   Thumb Code    50  rfid.o(i.TM_MFRC522_Request)
    TM_MFRC522_Reset                         0x080017a3   Thumb Code    12  rfid.o(i.TM_MFRC522_Reset)
    TM_MFRC522_SetBitMask                    0x080017af   Thumb Code    26  rfid.o(i.TM_MFRC522_SetBitMask)
    TM_MFRC522_ToCard                        0x080017c9   Thumb Code   298  rfid.o(i.TM_MFRC522_ToCard)
    TM_MFRC522_WriteRegister                 0x080018f5   Thumb Code    56  rfid.o(i.TM_MFRC522_WriteRegister)
    TTP229_GetKey                            0x08001931   Thumb Code   190  ttp229.o(i.TTP229_GetKey)
    TTP229_GetKeys                           0x080019f5   Thumb Code    60  ttp229.o(i.TTP229_GetKeys)
    TTP229_Init                              0x08001a35   Thumb Code    88  ttp229.o(i.TTP229_Init)
    Timer_Init                               0x08001a95   Thumb Code   104  function.o(i.Timer_Init)
    USART1_IRQHandler                        0x08001b01   Thumb Code    32  main.o(i.USART1_IRQHandler)
    USART_Cmd                                0x08001b29   Thumb Code    24  stm32f10x_usart.o(i.USART_Cmd)
    USART_GetFlagStatus                      0x08001b41   Thumb Code    26  stm32f10x_usart.o(i.USART_GetFlagStatus)
    USART_GetITStatus                        0x08001b5b   Thumb Code    84  stm32f10x_usart.o(i.USART_GetITStatus)
    USART_ITConfig                           0x08001baf   Thumb Code    74  stm32f10x_usart.o(i.USART_ITConfig)
    USART_Init                               0x08001bf9   Thumb Code   210  stm32f10x_usart.o(i.USART_Init)
    USART_ReceiveData                        0x08001cd1   Thumb Code    10  stm32f10x_usart.o(i.USART_ReceiveData)
    USART_SendData                           0x08001cdb   Thumb Code     8  stm32f10x_usart.o(i.USART_SendData)
    _TTP229_Receive_8()                      0x08001dd5   Thumb Code   116  ttp229.o(i._Z17_TTP229_Receive_8v)
    _TTP229_Receive_16()                     0x08001e51   Thumb Code   116  ttp229.o(i._Z18_TTP229_Receive_16v)
    operator new(unsigned)                   0x08001ecd   Thumb Code    34  new.o(i._Znwj)
    __0printf$3                              0x08001ef5   Thumb Code    22  printf3.o(i.__0printf$3)
    __1printf$3                              0x08001ef5   Thumb Code     0  printf3.o(i.__0printf$3)
    __2printf                                0x08001ef5   Thumb Code     0  printf3.o(i.__0printf$3)
    __0sprintf$3                             0x08001f15   Thumb Code    34  printf3.o(i.__0sprintf$3)
    __1sprintf$3                             0x08001f15   Thumb Code     0  printf3.o(i.__0sprintf$3)
    __2sprintf                               0x08001f15   Thumb Code     0  printf3.o(i.__0sprintf$3)
    __scatterload_copy                       0x08001f3d   Thumb Code    14  handlers.o(i.__scatterload_copy)
    __scatterload_null                       0x08001f4b   Thumb Code     2  handlers.o(i.__scatterload_null)
    __scatterload_zeroinit                   0x08001f4d   Thumb Code    14  handlers.o(i.__scatterload_zeroinit)
    fputc                                    0x08002121   Thumb Code    46  main.o(i.fputc)
    initialize                               0x08002155   Thumb Code   246  main.o(i.initialize)
    led_toggle                               0x0800225d   Thumb Code    40  main.o(i.led_toggle)
    main                                     0x08002289   Thumb Code   426  main.o(i.main)
    malloc                                   0x08002499   Thumb Code    92  malloc.o(i.malloc)
    nRF24_Check                              0x08002505   Thumb Code    56  rf24.o(i.nRF24_Check)
    nRF24_ClearIRQFlags                      0x08002545   Thumb Code    24  rf24.o(i.nRF24_ClearIRQFlags)
    nRF24_DisableAA                          0x0800255d   Thumb Code    42  rf24.o(i.nRF24_DisableAA)
    nRF24_FlushRX                            0x08002587   Thumb Code    12  rf24.o(i.nRF24_FlushRX)
    nRF24_FlushTX                            0x08002593   Thumb Code    12  rf24.o(i.nRF24_FlushTX)
    nRF24_GPIO_Init                          0x080025a1   Thumb Code    68  rf24_hal.o(i.nRF24_GPIO_Init)
    nRF24_Init                               0x080025e9   Thumb Code   152  rf24.o(i.nRF24_Init)
    nRF24_LL_RW                              0x08002685   Thumb Code    50  rf24_hal.o(i.nRF24_LL_RW)
    nRF24_SetAddr                            0x080026bd   Thumb Code   112  rf24.o(i.nRF24_SetAddr)
    nRF24_SetAddrWidth                       0x08002735   Thumb Code    16  rf24.o(i.nRF24_SetAddrWidth)
    nRF24_SetCRCScheme                       0x08002745   Thumb Code    32  rf24.o(i.nRF24_SetCRCScheme)
    nRF24_SetDataRate                        0x08002765   Thumb Code    28  rf24.o(i.nRF24_SetDataRate)
    nRF24_SetOperationalMode                 0x08002781   Thumb Code    32  rf24.o(i.nRF24_SetOperationalMode)
    nRF24_SetPowerMode                       0x080027a1   Thumb Code    36  rf24.o(i.nRF24_SetPowerMode)
    nRF24_SetRFChannel                       0x080027c5   Thumb Code    14  rf24.o(i.nRF24_SetRFChannel)
    nRF24_SetRXPipe                          0x080027d5   Thumb Code    86  rf24.o(i.nRF24_SetRXPipe)
    ssd1306_I2C_Init                         0x08002831   Thumb Code   104  ssd1306_i2c.o(i.ssd1306_I2C_Init)
    ssd1306_I2C_IsDeviceConnected            0x080028a5   Thumb Code    34  ssd1306_i2c.o(i.ssd1306_I2C_IsDeviceConnected)
    ssd1306_I2C_Start                        0x080028c9   Thumb Code   166  ssd1306_i2c.o(i.ssd1306_I2C_Start)
    ssd1306_I2C_Stop                         0x08002979   Thumb Code    60  ssd1306_i2c.o(i.ssd1306_I2C_Stop)
    ssd1306_I2C_Write                        0x080029b9   Thumb Code    50  ssd1306_i2c.o(i.ssd1306_I2C_Write)
    ssd1306_I2C_WriteData                    0x080029ed   Thumb Code    40  ssd1306_i2c.o(i.ssd1306_I2C_WriteData)
    ssd1306_I2C_WriteMulti                   0x08002a19   Thumb Code    66  ssd1306_i2c.o(i.ssd1306_I2C_WriteMulti)
    Font7x10                                 0x08002a6a   Data        1900  fonts.o(.constdata)
    Font11x18                                0x080031d6   Data        3420  fonts.o(.constdata)
    Font16x26                                0x08003f32   Data        4940  fonts.o(.constdata)
    Region$$Table$$Base                      0x08005280   Number         0  anon$$obj.o(Region$$Table)
    Region$$Table$$Limit                     0x080052a0   Number         0  anon$$obj.o(Region$$Table)
    GPIO_InitStructure                       0x20000000   Data           4  main.o(.data)
    EXTI_InitStructure                       0x20000004   Data           8  main.o(.data)
    NVIC_InitStructure                       0x2000000c   Data           4  main.o(.data)
    MyID                                     0x20000010   Data           5  main.o(.data)
    CardID                                   0x20000015   Data           5  main.o(.data)
    timer                                    0x2000001c   Data           4  main.o(.data)
    touchKey                                 0x20000020   Data           1  main.o(.data)
    key                                      0x20000021   Data           2  main.o(.data)
    SystemCoreClock                          0x20000024   Data           4  system_stm32f10x.o(.data)
    AHBPrescTable                            0x20000028   Data          16  system_stm32f10x.o(.data)
    currentMode                              0x20000050   Data           1  ttp229.o(.data)
    Font_7x10                                0x20000054   Data           8  fonts.o(.data)
    Font_11x18                               0x2000005c   Data           8  fonts.o(.data)
    Font_16x26                               0x20000064   Data           8  fonts.o(.data)
    __stdout                                 0x20000078   Data           4  stdout.o(.data)
    __microlib_freelist                      0x2000007c   Data           4  mvars.o(.data)
    __microlib_freelist_initialised          0x20000080   Data           4  mvars.o(.data)
    TIM_TimeBaseStructure                    0x20000090   Data          10  main.o(.bss)
    USART_InitStructure                      0x2000009c   Data          16  main.o(.bss)
    bufferRFID                               0x200000ac   Data          30  main.o(.bss)
    dB                                       0x200000ca   Data          13  main.o(.bss)
    __heap_base                              0x200004d8   Data           0  startup_stm32f10x_md.o(HEAP)
    __heap_limit                             0x200006d8   Data           0  startup_stm32f10x_md.o(HEAP)
    __initial_sp                             0x20000ad8   Data           0  startup_stm32f10x_md.o(STACK)



==============================================================================

Memory Map of the image

  Image Entry point : 0x080000ed

  Load Region LR_IROM1 (Base: 0x08000000, Size: 0x00005330, Max: 0x00010000, ABSOLUTE)

    Execution Region ER_IROM1 (Exec base: 0x08000000, Load base: 0x08000000, Size: 0x000052a0, Max: 0x00010000, ABSOLUTE)

    Exec Addr    Load Addr    Size         Type   Attr      Idx    E Section Name        Object

    0x08000000   0x08000000   0x000000ec   Data   RO         3369    RESET               startup_stm32f10x_md.o
    0x080000ec   0x080000ec   0x00000000   Code   RO         4425  * .ARM.Collect$$$$00000000  mc_w.l(entry.o)
    0x080000ec   0x080000ec   0x00000004   Code   RO         4744    .ARM.Collect$$$$00000001  mc_w.l(entry2.o)
    0x080000f0   0x080000f0   0x00000004   Code   RO         4747    .ARM.Collect$$$$00000004  mc_w.l(entry5.o)
    0x080000f4   0x080000f4   0x00000000   Code   RO         4749    .ARM.Collect$$$$00000008  mc_w.l(entry7b.o)
    0x080000f4   0x080000f4   0x00000000   Code   RO         4751    .ARM.Collect$$$$0000000A  mc_w.l(entry8b.o)
    0x080000f4   0x080000f4   0x00000008   Code   RO         4752    .ARM.Collect$$$$0000000B  mc_w.l(entry9a.o)
    0x080000fc   0x080000fc   0x00000000   Code   RO         4754    .ARM.Collect$$$$0000000D  mc_w.l(entry10a.o)
    0x080000fc   0x080000fc   0x00000000   Code   RO         4756    .ARM.Collect$$$$0000000F  mc_w.l(entry11a.o)
    0x080000fc   0x080000fc   0x00000004   Code   RO         4745    .ARM.Collect$$$$00002712  mc_w.l(entry2.o)
    0x08000100   0x08000100   0x00000024   Code   RO         3370    .text               startup_stm32f10x_md.o
    0x08000124   0x08000124   0x00000024   Code   RO         4428    .text               mc_w.l(memcpya.o)
    0x08000148   0x08000148   0x00000024   Code   RO         4430    .text               mc_w.l(memseta.o)
    0x0800016c   0x0800016c   0x00000004   Code   RO         4728    .text               cpprt_w.l(arm_newhandler_noexceptions.o)
    0x08000170   0x08000170   0x0000002c   Code   RO         4759    .text               mc_w.l(uidiv.o)
    0x0800019c   0x0800019c   0x00000014   Code   RO         4766    .text               mc_w.l(cpp_memory.o)
    0x080001b0   0x080001b0   0x0000001a   Code   RO         4901    .text               cpprt_w.l(arm_exceptions_terminate.o)
    0x080001ca   0x080001ca   0x00000002   PAD
    0x080001cc   0x080001cc   0x00000024   Code   RO         4907    .text               mc_w.l(init.o)
    0x080001f0   0x080001f0   0x00000050   Code   RO         4933    .text               cpprt_w.l(arm_exceptions_globs.o)
    0x08000240   0x08000240   0x0000003c   Code   RO         4948    .text               cpprt_w.l(arm_exceptions_mem.o)
    0x0800027c   0x0800027c   0x0000005e   Code   RO         3748    i.BuildBuffer       dataprotocol.o
    0x080002da   0x080002da   0x00000048   Code   RO         3573    i.BuzzerRight       function.o
    0x08000322   0x08000322   0x00000002   PAD
    0x08000324   0x08000324   0x00000068   Code   RO         3512    i.DelayInit         delay.o
    0x0800038c   0x0800038c   0x00000018   Code   RO         3513    i.DelayMs           delay.o
    0x080003a4   0x080003a4   0x00000014   Code   RO         3514    i.DelayUs           delay.o
    0x080003b8   0x080003b8   0x00000016   Code   RO            1    i.EXTI0_IRQHandler  main.o
    0x080003ce   0x080003ce   0x00000016   Code   RO            2    i.EXTI9_5_IRQHandler  main.o
    0x080003e4   0x080003e4   0x0000000c   Code   RO         1168    i.EXTI_ClearITPendingBit  stm32f10x_exti.o
    0x080003f0   0x080003f0   0x00000028   Code   RO         1172    i.EXTI_GetITStatus  stm32f10x_exti.o
    0x08000418   0x08000418   0x00000054   Code   RO            3    i.GPIO_Configuration  main.o
    0x0800046c   0x0800046c   0x00000116   Code   RO         1530    i.GPIO_Init         stm32f10x_gpio.o
    0x08000582   0x08000582   0x00000012   Code   RO         1534    i.GPIO_ReadInputDataBit  stm32f10x_gpio.o
    0x08000594   0x08000594   0x00000012   Code   RO         1536    i.GPIO_ReadOutputDataBit  stm32f10x_gpio.o
    0x080005a6   0x080005a6   0x00000004   Code   RO         1537    i.GPIO_ResetBits    stm32f10x_gpio.o
    0x080005aa   0x080005aa   0x00000004   Code   RO         1538    i.GPIO_SetBits      stm32f10x_gpio.o
    0x080005ae   0x080005ae   0x0000002a   Code   RO         1644    i.I2C_CheckEvent    stm32f10x_i2c.o
    0x080005d8   0x080005d8   0x00000018   Code   RO         1647    i.I2C_Cmd           stm32f10x_i2c.o
    0x080005f0   0x080005f0   0x000000ec   Code   RO         1661    i.I2C_Init          stm32f10x_i2c.o
    0x080006dc   0x080006dc   0x000000a4   Code   RO         3576    i.InitBuzzer        function.o
    0x08000780   0x08000780   0x000000c0   Code   RO         3577    i.Initialize_RF24   function.o
    0x08000840   0x08000840   0x00000024   Code   RO            4    i.NVIC_Configuration  main.o
    0x08000864   0x08000864   0x00000070   Code   RO          283    i.NVIC_Init         misc.o
    0x080008d4   0x080008d4   0x00000014   Code   RO          284    i.NVIC_PriorityGroupConfig  misc.o
    0x080008e8   0x080008e8   0x00000020   Code   RO         1952    i.RCC_APB1PeriphClockCmd  stm32f10x_rcc.o
    0x08000908   0x08000908   0x00000020   Code   RO         1953    i.RCC_APB1PeriphResetCmd  stm32f10x_rcc.o
    0x08000928   0x08000928   0x00000020   Code   RO         1954    i.RCC_APB2PeriphClockCmd  stm32f10x_rcc.o
    0x08000948   0x08000948   0x00000020   Code   RO         1955    i.RCC_APB2PeriphResetCmd  stm32f10x_rcc.o
    0x08000968   0x08000968   0x000000d4   Code   RO         1962    i.RCC_GetClocksFreq  stm32f10x_rcc.o
    0x08000a3c   0x08000a3c   0x00000038   Code   RO         3374    i.SPI2_ReadWrite    rfid.o
    0x08000a74   0x08000a74   0x00000018   Code   RO         2437    i.SPI_Cmd           stm32f10x_spi.o
    0x08000a8c   0x08000a8c   0x00000012   Code   RO         2445    i.SPI_I2S_GetFlagStatus  stm32f10x_spi.o
    0x08000a9e   0x08000a9e   0x00000006   Code   RO         2448    i.SPI_I2S_ReceiveData  stm32f10x_spi.o
    0x08000aa4   0x08000aa4   0x00000004   Code   RO         2449    i.SPI_I2S_SendData  stm32f10x_spi.o
    0x08000aa8   0x08000aa8   0x0000003c   Code   RO         2450    i.SPI_Init          stm32f10x_spi.o
    0x08000ae4   0x08000ae4   0x0000001e   Code   RO         2451    i.SPI_NSSInternalSoftwareConfig  stm32f10x_spi.o
    0x08000b02   0x08000b02   0x00000002   PAD
    0x08000b04   0x08000b04   0x000000a0   Code   RO         4252    i.SSD1306_DrawPixel  ssd1306.o
    0x08000ba4   0x08000ba4   0x00000020   Code   RO         4255    i.SSD1306_Fill      ssd1306.o
    0x08000bc4   0x08000bc4   0x0000000c   Code   RO         4256    i.SSD1306_GotoXY    ssd1306.o
    0x08000bd0   0x08000bd0   0x00000194   Code   RO         4257    i.SSD1306_Init      ssd1306.o
    0x08000d64   0x08000d64   0x000000a8   Code   RO         4260    i.SSD1306_Putc      ssd1306.o
    0x08000e0c   0x08000e0c   0x0000002a   Code   RO         4261    i.SSD1306_Puts      ssd1306.o
    0x08000e36   0x08000e36   0x00000002   PAD
    0x08000e38   0x08000e38   0x00000058   Code   RO         4263    i.SSD1306_UpdateScreen  ssd1306.o
    0x08000e90   0x08000e90   0x00000008   Code   RO          230    i.SetSysClock       system_stm32f10x.o
    0x08000e98   0x08000e98   0x000000e0   Code   RO          231    i.SetSysClockTo72   system_stm32f10x.o
    0x08000f78   0x08000f78   0x00000050   Code   RO         3579    i.Simple_Receive_Init  function.o
    0x08000fc8   0x08000fc8   0x00000018   Code   RO         3515    i.SysTick_Handler   delay.o
    0x08000fe0   0x08000fe0   0x000000a4   Code   RO          232    i.SystemCoreClockUpdate  system_stm32f10x.o
    0x08001084   0x08001084   0x00000060   Code   RO          233    i.SystemInit        system_stm32f10x.o
    0x080010e4   0x080010e4   0x00000016   Code   RO            5    i.TIM2_IRQHandler   main.o
    0x080010fa   0x080010fa   0x00000002   PAD
    0x080010fc   0x080010fc   0x00000034   Code   RO            6    i.TIM4_IRQHandler   main.o
    0x08001130   0x08001130   0x00000018   Code   RO         2583    i.TIM_ARRPreloadConfig  stm32f10x_tim.o
    0x08001148   0x08001148   0x0000001e   Code   RO         2587    i.TIM_CCxCmd        stm32f10x_tim.o
    0x08001166   0x08001166   0x00000006   Code   RO         2590    i.TIM_ClearITPendingBit  stm32f10x_tim.o
    0x0800116c   0x0800116c   0x00000018   Code   RO         2595    i.TIM_Cmd           stm32f10x_tim.o
    0x08001184   0x08001184   0x000001e8   Code   RO         2600    i.TIM_DeInit        stm32f10x_tim.o
    0x0800136c   0x0800136c   0x00000022   Code   RO         2616    i.TIM_GetITStatus   stm32f10x_tim.o
    0x0800138e   0x0800138e   0x00000012   Code   RO         2620    i.TIM_ITConfig      stm32f10x_tim.o
    0x080013a0   0x080013a0   0x00000098   Code   RO         2624    i.TIM_OC1Init       stm32f10x_tim.o
    0x08001438   0x08001438   0x00000012   Code   RO         2627    i.TIM_OC1PreloadConfig  stm32f10x_tim.o
    0x0800144a   0x0800144a   0x00000014   Code   RO         2642    i.TIM_OCStructInit  stm32f10x_tim.o
    0x0800145e   0x0800145e   0x00000002   PAD
    0x08001460   0x08001460   0x000000a4   Code   RO         2666    i.TIM_TimeBaseInit  stm32f10x_tim.o
    0x08001504   0x08001504   0x0000001a   Code   RO         3376    i.TM_MFRC522_AntennaOn  rfid.o
    0x0800151e   0x0800151e   0x0000004a   Code   RO         3377    i.TM_MFRC522_Anticoll  rfid.o
    0x08001568   0x08001568   0x00000064   Code   RO         3379    i.TM_MFRC522_CalculateCRC  rfid.o
    0x080015cc   0x080015cc   0x00000020   Code   RO         3380    i.TM_MFRC522_Check  rfid.o
    0x080015ec   0x080015ec   0x0000001a   Code   RO         3381    i.TM_MFRC522_ClearBitMask  rfid.o
    0x08001606   0x08001606   0x0000002c   Code   RO         3383    i.TM_MFRC522_Halt   rfid.o
    0x08001632   0x08001632   0x00000002   PAD
    0x08001634   0x08001634   0x00000058   Code   RO         3384    i.TM_MFRC522_Init   rfid.o
    0x0800168c   0x0800168c   0x000000a0   Code   RO         3385    i.TM_MFRC522_InitPins  rfid.o
    0x0800172c   0x0800172c   0x00000044   Code   RO         3387    i.TM_MFRC522_ReadRegister  rfid.o
    0x08001770   0x08001770   0x00000032   Code   RO         3388    i.TM_MFRC522_Request  rfid.o
    0x080017a2   0x080017a2   0x0000000c   Code   RO         3389    i.TM_MFRC522_Reset  rfid.o
    0x080017ae   0x080017ae   0x0000001a   Code   RO         3391    i.TM_MFRC522_SetBitMask  rfid.o
    0x080017c8   0x080017c8   0x0000012a   Code   RO         3392    i.TM_MFRC522_ToCard  rfid.o
    0x080018f2   0x080018f2   0x00000002   PAD
    0x080018f4   0x080018f4   0x0000003c   Code   RO         3394    i.TM_MFRC522_WriteRegister  rfid.o
    0x08001930   0x08001930   0x000000c4   Code   RO         4178    i.TTP229_GetKey     ttp229.o
    0x080019f4   0x080019f4   0x00000040   Code   RO         4179    i.TTP229_GetKeys    ttp229.o
    0x08001a34   0x08001a34   0x00000060   Code   RO         4180    i.TTP229_Init       ttp229.o
    0x08001a94   0x08001a94   0x0000006c   Code   RO         3580    i.Timer_Init        function.o
    0x08001b00   0x08001b00   0x00000028   Code   RO            8    i.USART1_IRQHandler  main.o
    0x08001b28   0x08001b28   0x00000018   Code   RO         3134    i.USART_Cmd         stm32f10x_usart.o
    0x08001b40   0x08001b40   0x0000001a   Code   RO         3137    i.USART_GetFlagStatus  stm32f10x_usart.o
    0x08001b5a   0x08001b5a   0x00000054   Code   RO         3138    i.USART_GetITStatus  stm32f10x_usart.o
    0x08001bae   0x08001bae   0x0000004a   Code   RO         3140    i.USART_ITConfig    stm32f10x_usart.o
    0x08001bf8   0x08001bf8   0x000000d8   Code   RO         3141    i.USART_Init        stm32f10x_usart.o
    0x08001cd0   0x08001cd0   0x0000000a   Code   RO         3148    i.USART_ReceiveData  stm32f10x_usart.o
    0x08001cda   0x08001cda   0x00000008   Code   RO         3151    i.USART_SendData    stm32f10x_usart.o
    0x08001ce2   0x08001ce2   0x00000002   PAD
    0x08001ce4   0x08001ce4   0x0000002c   Code   RO         3764    i._Z13nRF24_ReadRegh  rf24.o
    0x08001d10   0x08001d10   0x00000050   Code   RO         3765    i._Z14nRF24_WriteReghh  rf24.o
    0x08001d60   0x08001d60   0x0000003c   Code   RO         3766    i._Z15nRF24_ReadMBReghPhh  rf24.o
    0x08001d9c   0x08001d9c   0x00000038   Code   RO         3767    i._Z16nRF24_WriteMBReghPhh  rf24.o
    0x08001dd4   0x08001dd4   0x0000007c   Code   RO         4181    i._Z17_TTP229_Receive_8v  ttp229.o
    0x08001e50   0x08001e50   0x0000007c   Code   RO         4182    i._Z18_TTP229_Receive_16v  ttp229.o
    0x08001ecc   0x08001ecc   0x00000028   Code   RO         4421    i._Znwj             cpprt_w.l(new.o)
    0x08001ef4   0x08001ef4   0x00000020   Code   RO         4525    i.__0printf$3       mc_w.l(printf3.o)
    0x08001f14   0x08001f14   0x00000028   Code   RO         4527    i.__0sprintf$3      mc_w.l(printf3.o)
    0x08001f3c   0x08001f3c   0x0000000e   Code   RO         4959    i.__scatterload_copy  mc_w.l(handlers.o)
    0x08001f4a   0x08001f4a   0x00000002   Code   RO         4960    i.__scatterload_null  mc_w.l(handlers.o)
    0x08001f4c   0x08001f4c   0x0000000e   Code   RO         4961    i.__scatterload_zeroinit  mc_w.l(handlers.o)
    0x08001f5a   0x08001f5a   0x00000002   PAD
    0x08001f5c   0x08001f5c   0x000001b8   Code   RO         4532    i._printf_core      mc_w.l(printf3.o)
    0x08002114   0x08002114   0x0000000a   Code   RO         4534    i._sputc            mc_w.l(printf3.o)
    0x0800211e   0x0800211e   0x00000002   PAD
    0x08002120   0x08002120   0x00000034   Code   RO            9    i.fputc             main.o
    0x08002154   0x08002154   0x00000108   Code   RO           10    i.initialize        main.o
    0x0800225c   0x0800225c   0x0000002c   Code   RO           11    i.led_toggle        main.o
    0x08002288   0x08002288   0x00000210   Code   RO           12    i.main              main.o
    0x08002498   0x08002498   0x0000006c   Code   RO         4698    i.malloc            mc_w.l(malloc.o)
    0x08002504   0x08002504   0x00000040   Code   RO         3768    i.nRF24_Check       rf24.o
    0x08002544   0x08002544   0x00000018   Code   RO         3769    i.nRF24_ClearIRQFlags  rf24.o
    0x0800255c   0x0800255c   0x0000002a   Code   RO         3771    i.nRF24_DisableAA   rf24.o
    0x08002586   0x08002586   0x0000000c   Code   RO         3773    i.nRF24_FlushRX     rf24.o
    0x08002592   0x08002592   0x0000000c   Code   RO         3774    i.nRF24_FlushTX     rf24.o
    0x0800259e   0x0800259e   0x00000002   PAD
    0x080025a0   0x080025a0   0x00000048   Code   RO         3988    i.nRF24_GPIO_Init   rf24_hal.o
    0x080025e8   0x080025e8   0x0000009c   Code   RO         3781    i.nRF24_Init        rf24.o
    0x08002684   0x08002684   0x00000038   Code   RO         3989    i.nRF24_LL_RW       rf24_hal.o
    0x080026bc   0x080026bc   0x00000078   Code   RO         3784    i.nRF24_SetAddr     rf24.o
    0x08002734   0x08002734   0x00000010   Code   RO         3785    i.nRF24_SetAddrWidth  rf24.o
    0x08002744   0x08002744   0x00000020   Code   RO         3787    i.nRF24_SetCRCScheme  rf24.o
    0x08002764   0x08002764   0x0000001c   Code   RO         3788    i.nRF24_SetDataRate  rf24.o
    0x08002780   0x08002780   0x00000020   Code   RO         3789    i.nRF24_SetOperationalMode  rf24.o
    0x080027a0   0x080027a0   0x00000024   Code   RO         3790    i.nRF24_SetPowerMode  rf24.o
    0x080027c4   0x080027c4   0x0000000e   Code   RO         3791    i.nRF24_SetRFChannel  rf24.o
    0x080027d2   0x080027d2   0x00000002   PAD
    0x080027d4   0x080027d4   0x0000005c   Code   RO         3792    i.nRF24_SetRXPipe   rf24.o
    0x08002830   0x08002830   0x00000074   Code   RO         4371    i.ssd1306_I2C_Init  ssd1306_i2c.o
    0x080028a4   0x080028a4   0x00000022   Code   RO         4372    i.ssd1306_I2C_IsDeviceConnected  ssd1306_i2c.o
    0x080028c6   0x080028c6   0x00000002   PAD
    0x080028c8   0x080028c8   0x000000b0   Code   RO         4373    i.ssd1306_I2C_Start  ssd1306_i2c.o
    0x08002978   0x08002978   0x00000040   Code   RO         4374    i.ssd1306_I2C_Stop  ssd1306_i2c.o
    0x080029b8   0x080029b8   0x00000032   Code   RO         4375    i.ssd1306_I2C_Write  ssd1306_i2c.o
    0x080029ea   0x080029ea   0x00000002   PAD
    0x080029ec   0x080029ec   0x0000002c   Code   RO         4376    i.ssd1306_I2C_WriteData  ssd1306_i2c.o
    0x08002a18   0x08002a18   0x00000042   Code   RO         4377    i.ssd1306_I2C_WriteMulti  ssd1306_i2c.o
    0x08002a5a   0x08002a5a   0x00000003   Data   RO         3592    .constdata          function.o
    0x08002a5d   0x08002a5d   0x0000000d   Data   RO         3826    .constdata          rf24.o
    0x08002a6a   0x08002a6a   0x00002814   Data   RO         4226    .constdata          fonts.o
    0x0800527e   0x0800527e   0x00000002   PAD
    0x08005280   0x08005280   0x00000020   Data   RO         4957    Region$$Table       anon$$obj.o


    Execution Region RW_IRAM1 (Exec base: 0x20000000, Load base: 0x080052a0, Size: 0x00000ad8, Max: 0x00005000, ABSOLUTE)

    Exec Addr    Load Addr    Size         Type   Attr      Idx    E Section Name        Object

    0x20000000   0x080052a0   0x00000023   Data   RW           15    .data               main.o
    0x20000023   0x080052c3   0x00000001   PAD
    0x20000024   0x080052c4   0x00000014   Data   RW          234    .data               system_stm32f10x.o
    0x20000038   0x080052d8   0x00000014   Data   RW         1982    .data               stm32f10x_rcc.o
    0x2000004c   0x080052ec   0x00000004   Data   RW         3516    .data               delay.o
    0x20000050   0x080052f0   0x00000001   Data   RW         4188    .data               ttp229.o
    0x20000051   0x080052f1   0x00000003   PAD
    0x20000054   0x080052f4   0x00000018   Data   RW         4227    .data               fonts.o
    0x2000006c   0x0800530c   0x00000006   Data   RW         4265    .data               ssd1306.o
    0x20000072   0x08005312   0x00000002   PAD
    0x20000074   0x08005314   0x00000004   Data   RW         4378    .data               ssd1306_i2c.o
    0x20000078   0x08005318   0x00000004   Data   RW         4758    .data               mc_w.l(stdout.o)
    0x2000007c   0x0800531c   0x00000004   Data   RW         4763    .data               mc_w.l(mvars.o)
    0x20000080   0x08005320   0x00000004   Data   RW         4764    .data               mc_w.l(mvars.o)
    0x20000084   0x08005324   0x0000000c   Data   RW         4767    .data               mc_w.l(cpp_memory.o)
    0x20000090        -       0x00000047   Zero   RW           13    .bss                main.o
    0x200000d7        -       0x00000400   Zero   RW         4264    .bss                ssd1306.o
    0x200004d7   0x08005330   0x00000001   PAD
    0x200004d8        -       0x00000200   Zero   RW         3368    HEAP                startup_stm32f10x_md.o
    0x200006d8        -       0x00000400   Zero   RW         3367    STACK               startup_stm32f10x_md.o


==============================================================================

Image component sizes


      Code (inc. data)   RO Data    RW Data    ZI Data      Debug   Object Name

         0          0          0          0          0         32   core_cm3.o
        94          0          0          0          0       1562   dataprotocol.o
       172         28          0          4          0      17665   delay.o
         0          0      10260         24          0       1315   fonts.o
       616         24          3          0          0     247248   function.o
      1166        162          0         35         71     270953   main.o
       132         22          0          0          0      19259   misc.o
       920         52         13          0          0      13928   rf24.o
       128         10          0          0          0       1060   rf24_hal.o
      1120         30          0          0          0       9544   rfid.o
       906         42          0          6       1024       6754   ssd1306.o
       550         30          0          4          0       5371   ssd1306_i2c.o
        36          8        236          0       1536        896   startup_stm32f10x_md.o
        52         12          0          0          0       1200   stm32f10x_exti.o
       322          0          0          0          0      12997   stm32f10x_gpio.o
       302         14          0          0          0      11914   stm32f10x_i2c.o
       340         44          0         20          0      14696   stm32f10x_rcc.o
       142          0          0          0          0      11726   stm32f10x_spi.o
       978        126          0          0          0      28283   stm32f10x_tim.o
       442          6          0          0          0      12645   stm32f10x_usart.o
       492         50          0         20          0       3241   system_stm32f10x.o
       604         34          0          1          0       4278   ttp229.o

    ----------------------------------------------------------------------
      9538        694      10546        120       2632     696567   Object Totals
         0          0         32          0          0          0   (incl. Generated)
        24          0          2          6          1          0   (incl. Padding)

    ----------------------------------------------------------------------

      Code (inc. data)   RO Data    RW Data    ZI Data      Debug   Library Member Name

        80         12          0          0          0        104   arm_exceptions_globs.o
        60          0          0          0          0        108   arm_exceptions_mem.o
        26          0          0          0          0         76   arm_exceptions_terminate.o
         4          0          0          0          0         68   arm_newhandler_noexceptions.o
        40          6          0          0          0         76   new.o
        20          4          0         12          0        136   cpp_memory.o
         0          0          0          0          0          0   entry.o
         0          0          0          0          0          0   entry10a.o
         0          0          0          0          0          0   entry11a.o
         8          4          0          0          0          0   entry2.o
         4          0          0          0          0          0   entry5.o
         0          0          0          0          0          0   entry7b.o
         0          0          0          0          0          0   entry8b.o
         8          4          0          0          0          0   entry9a.o
        30          0          0          0          0          0   handlers.o
        36          8          0          0          0         68   init.o
       108         16          0          0          0         84   malloc.o
        36          0          0          0          0         68   memcpya.o
        36          0          0          0          0        108   memseta.o
         0          0          0          8          0          0   mvars.o
       522         20          0          0          0        336   printf3.o
         0          0          0          4          0          0   stdout.o
        44          0          0          0          0         80   uidiv.o

    ----------------------------------------------------------------------
      1068         74          0         24          0       1312   Library Totals
         6          0          0          0          0          0   (incl. Padding)

    ----------------------------------------------------------------------

      Code (inc. data)   RO Data    RW Data    ZI Data      Debug   Library Name

       210         18          0          0          0        432   cpprt_w.l
       852         56          0         24          0        880   mc_w.l

    ----------------------------------------------------------------------
      1068         74          0         24          0       1312   Library Totals

    ----------------------------------------------------------------------

==============================================================================


      Code (inc. data)   RO Data    RW Data    ZI Data      Debug   

     10606        768      10546        144       2632     691323   Grand Totals
     10606        768      10546        144       2632     691323   ELF Image Totals
     10606        768      10546        144          0          0   ROM Totals

==============================================================================

    Total RO  Size (Code + RO Data)                21152 (  20.66kB)
    Total RW  Size (RW Data + ZI Data)              2776 (   2.71kB)
    Total ROM Size (Code + RO Data + RW Data)      21296 (  20.80kB)

==============================================================================

